Archive member included to satisfy reference by file (symbol)

/home/giahuy/tools/MRS_Toolchain_Linux_x64_V1.92.1/RISC-V_Embedded_GCC/bin/../lib/gcc/riscv-none-embed/8.2.0/rv32imac/ilp32/libgcc.a(_udivdi3.o)
                              build_CH32x035_Sample/xprintf.o (__udivdi3)
/home/giahuy/tools/MRS_Toolchain_Linux_x64_V1.92.1/RISC-V_Embedded_GCC/bin/../lib/gcc/riscv-none-embed/8.2.0/rv32imac/ilp32/libgcc.a(_umoddi3.o)
                              build_CH32x035_Sample/xprintf.o (__umoddi3)
/home/giahuy/tools/MRS_Toolchain_Linux_x64_V1.92.1/RISC-V_Embedded_GCC/bin/../lib/gcc/riscv-none-embed/8.2.0/rv32imac/ilp32/libgcc.a(adddf3.o)
                              build_CH32x035_Sample/xprintf.o (__adddf3)
/home/giahuy/tools/MRS_Toolchain_Linux_x64_V1.92.1/RISC-V_Embedded_GCC/bin/../lib/gcc/riscv-none-embed/8.2.0/rv32imac/ilp32/libgcc.a(divdf3.o)
                              build_CH32x035_Sample/xprintf.o (__divdf3)
/home/giahuy/tools/MRS_Toolchain_Linux_x64_V1.92.1/RISC-V_Embedded_GCC/bin/../lib/gcc/riscv-none-embed/8.2.0/rv32imac/ilp32/libgcc.a(eqdf2.o)
                              build_CH32x035_Sample/xprintf.o (__nedf2)
/home/giahuy/tools/MRS_Toolchain_Linux_x64_V1.92.1/RISC-V_Embedded_GCC/bin/../lib/gcc/riscv-none-embed/8.2.0/rv32imac/ilp32/libgcc.a(gedf2.o)
                              build_CH32x035_Sample/xprintf.o (__gedf2)
/home/giahuy/tools/MRS_Toolchain_Linux_x64_V1.92.1/RISC-V_Embedded_GCC/bin/../lib/gcc/riscv-none-embed/8.2.0/rv32imac/ilp32/libgcc.a(ledf2.o)
                              build_CH32x035_Sample/xprintf.o (__ledf2)
/home/giahuy/tools/MRS_Toolchain_Linux_x64_V1.92.1/RISC-V_Embedded_GCC/bin/../lib/gcc/riscv-none-embed/8.2.0/rv32imac/ilp32/libgcc.a(muldf3.o)
                              build_CH32x035_Sample/xprintf.o (__muldf3)
/home/giahuy/tools/MRS_Toolchain_Linux_x64_V1.92.1/RISC-V_Embedded_GCC/bin/../lib/gcc/riscv-none-embed/8.2.0/rv32imac/ilp32/libgcc.a(subdf3.o)
                              build_CH32x035_Sample/xprintf.o (__subdf3)
/home/giahuy/tools/MRS_Toolchain_Linux_x64_V1.92.1/RISC-V_Embedded_GCC/bin/../lib/gcc/riscv-none-embed/8.2.0/rv32imac/ilp32/libgcc.a(unorddf2.o)
                              build_CH32x035_Sample/xprintf.o (__unorddf2)
/home/giahuy/tools/MRS_Toolchain_Linux_x64_V1.92.1/RISC-V_Embedded_GCC/bin/../lib/gcc/riscv-none-embed/8.2.0/rv32imac/ilp32/libgcc.a(fixdfsi.o)
                              build_CH32x035_Sample/xprintf.o (__fixdfsi)
/home/giahuy/tools/MRS_Toolchain_Linux_x64_V1.92.1/RISC-V_Embedded_GCC/bin/../lib/gcc/riscv-none-embed/8.2.0/rv32imac/ilp32/libgcc.a(floatsidf.o)
                              build_CH32x035_Sample/xprintf.o (__floatsidf)
/home/giahuy/tools/MRS_Toolchain_Linux_x64_V1.92.1/RISC-V_Embedded_GCC/bin/../lib/gcc/riscv-none-embed/8.2.0/rv32imac/ilp32/libgcc.a(_clz.o)
                              /home/giahuy/tools/MRS_Toolchain_Linux_x64_V1.92.1/RISC-V_Embedded_GCC/bin/../lib/gcc/riscv-none-embed/8.2.0/rv32imac/ilp32/libgcc.a(_udivdi3.o) (__clz_tab)
/home/giahuy/tools/MRS_Toolchain_Linux_x64_V1.92.1/RISC-V_Embedded_GCC/bin/../lib/gcc/riscv-none-embed/8.2.0/rv32imac/ilp32/libgcc.a(_clzsi2.o)
                              /home/giahuy/tools/MRS_Toolchain_Linux_x64_V1.92.1/RISC-V_Embedded_GCC/bin/../lib/gcc/riscv-none-embed/8.2.0/rv32imac/ilp32/libgcc.a(adddf3.o) (__clzsi2)
/home/giahuy/tools/MRS_Toolchain_Linux_x64_V1.92.1/RISC-V_Embedded_GCC/riscv-none-embed/lib/rv32imac/ilp32/libc.a(lib_a-memcpy.o)
                              build_CH32x035_Sample/os_msg.o (memcpy)
/home/giahuy/tools/MRS_Toolchain_Linux_x64_V1.92.1/RISC-V_Embedded_GCC/riscv-none-embed/lib/rv32imac/ilp32/libc.a(lib_a-memset.o)
                              build_CH32x035_Sample/os_task.o (memset)
/home/giahuy/tools/MRS_Toolchain_Linux_x64_V1.92.1/RISC-V_Embedded_GCC/riscv-none-embed/lib/rv32imac/ilp32/libc.a(lib_a-strlen.o)
                              build_CH32x035_Sample/xprintf.o (strlen)

Allocating common symbols
Common symbol       size              file

tcb_high_rdy_ptr    0x4               build_CH32x035_Sample/os_task.o
xfunc_output        0x4               build_CH32x035_Sample/xprintf.o
tcb_curr_ptr        0x4               build_CH32x035_Sample/os_task.o

Memory Configuration

Name             Origin             Length             Attributes
FLASH            0x0000000000000000 0x000000000000f800 xr
RAM              0x0000000020000000 0x0000000000004000 xrw
*default*        0x0000000000000000 0xffffffffffffffff

Linker script and memory map

LOAD build_CH32x035_Sample/core_riscv.o
LOAD build_CH32x035_Sample/system_ch32x035.o
LOAD build_CH32x035_Sample/ch32x035_adc.o
LOAD build_CH32x035_Sample/ch32x035_awu.o
LOAD build_CH32x035_Sample/ch32x035_dbgmcu.o
LOAD build_CH32x035_Sample/ch32x035_dma.o
LOAD build_CH32x035_Sample/ch32x035_exti.o
LOAD build_CH32x035_Sample/ch32x035_flash.o
LOAD build_CH32x035_Sample/ch32x035_gpio.o
LOAD build_CH32x035_Sample/ch32x035_i2c.o
LOAD build_CH32x035_Sample/ch32x035_iwdg.o
LOAD build_CH32x035_Sample/ch32x035_misc.o
LOAD build_CH32x035_Sample/ch32x035_opa.o
LOAD build_CH32x035_Sample/ch32x035_pwr.o
LOAD build_CH32x035_Sample/ch32x035_rcc.o
LOAD build_CH32x035_Sample/ch32x035_spi.o
LOAD build_CH32x035_Sample/ch32x035_tim.o
LOAD build_CH32x035_Sample/ch32x035_usart.o
LOAD build_CH32x035_Sample/ch32x035_wwdg.o
LOAD build_CH32x035_Sample/cli.o
LOAD build_CH32x035_Sample/os_cpu.o
LOAD build_CH32x035_Sample/os_kernel.o
LOAD build_CH32x035_Sample/os_list.o
LOAD build_CH32x035_Sample/os_mem.o
LOAD build_CH32x035_Sample/os_msg.o
LOAD build_CH32x035_Sample/os_prio.o
LOAD build_CH32x035_Sample/os_task.o
LOAD build_CH32x035_Sample/os_timer.o
LOAD build_CH32x035_Sample/xprintf.o
LOAD build_CH32x035_Sample/bsp_cfg.o
LOAD build_CH32x035_Sample/task_list.o
LOAD build_CH32x035_Sample/cli_cmd_list.o
LOAD build_CH32x035_Sample/main.o
LOAD build_CH32x035_Sample/startup_ch32x035.o
LOAD build_CH32x035_Sample/os_cpu_asm.o
LOAD /home/giahuy/tools/MRS_Toolchain_Linux_x64_V1.92.1/RISC-V_Embedded_GCC/bin/../lib/gcc/riscv-none-embed/8.2.0/rv32imac/ilp32/libgcc.a
                0x0000000000000800                __stack_size = 0x800
                [!provide]                        PROVIDE (_stack_size = __stack_size)

.init           0x0000000000000000        0x4
                0x0000000000000000                _sinit = .
                0x0000000000000000                . = ALIGN (0x4)
 *(SORT_NONE(.init))
 .init          0x0000000000000000        0x4 build_CH32x035_Sample/startup_ch32x035.o
                0x0000000000000000                _start
                0x0000000000000004                . = ALIGN (0x4)
                0x0000000000000004                _einit = .

.vector         0x0000000000000004       0xfc
 *(.vector)
 .vector        0x0000000000000004       0xdc build_CH32x035_Sample/startup_ch32x035.o
                0x0000000000000100                . = ALIGN (0x40)
 *fill*         0x00000000000000e0       0x20 

.text           0x0000000000000100     0xf0cc
                0x0000000000000100                . = ALIGN (0x4)
 *(.text)
 .text          0x0000000000000100      0x1ec build_CH32x035_Sample/core_riscv.o
                0x0000000000000100                __get_MSTATUS
                0x000000000000011a                __set_MSTATUS
                0x0000000000000134                __get_MISA
                0x000000000000014e                __set_MISA
                0x0000000000000168                __get_MTVEC
                0x0000000000000182                __set_MTVEC
                0x000000000000019c                __get_MSCRATCH
                0x00000000000001b6                __set_MSCRATCH
                0x00000000000001d0                __get_MEPC
                0x00000000000001ea                __set_MEPC
                0x0000000000000204                __get_MCAUSE
                0x000000000000021e                __set_MCAUSE
                0x0000000000000238                __get_MTVAL
                0x0000000000000252                __set_MTVAL
                0x000000000000026c                __get_MVENDORID
                0x0000000000000286                __get_MARCHID
                0x00000000000002a0                __get_MIMPID
                0x00000000000002ba                __get_MHARTID
                0x00000000000002d4                __get_SP
 .text          0x00000000000002ec      0x128 build_CH32x035_Sample/system_ch32x035.o
                0x00000000000002ec                SystemInit
                0x0000000000000336                SystemCoreClockUpdate
 .text          0x0000000000000414      0xd8c build_CH32x035_Sample/ch32x035_adc.o
                0x0000000000000414                ADC_DeInit
                0x000000000000044e                ADC_Init
                0x0000000000000550                ADC_StructInit
                0x0000000000000596                ADC_Cmd
                0x00000000000005d4                ADC_DMACmd
                0x0000000000000612                ADC_ITConfig
                0x000000000000066a                ADC_SoftwareStartConvCmd
                0x00000000000006ae                ADC_GetSoftwareStartConvStatus
                0x00000000000006e2                ADC_DiscModeChannelCountConfig
                0x000000000000073e                ADC_DiscModeCmd
                0x0000000000000784                ADC_RegularChannelConfig
                0x00000000000009cc                ADC_ExternalTrigConvCmd
                0x0000000000000a10                ADC_GetConversionValue
                0x0000000000000a2c                ADC_GetDualModeConversionValue
                0x0000000000000a44                ADC_AutoInjectedConvCmd
                0x0000000000000a82                ADC_InjectedDiscModeCmd
                0x0000000000000ac2                ADC_ExternalTrigInjectedConvConfig
                0x0000000000000b0c                ADC_ExternalTrigInjectedConvCmd
                0x0000000000000b4c                ADC_SoftwareStartInjectedConvCmd
                0x0000000000000b90                ADC_GetSoftwareStartInjectedConvCmdStatus
                0x0000000000000bc4                ADC_InjectedChannelConfig
                0x0000000000000d60                ADC_InjectedSequencerLengthConfig
                0x0000000000000dbe                ADC_SetInjectedOffset
                0x0000000000000e04                ADC_GetInjectedConversionValue
                0x0000000000000e44                ADC_AnalogWatchdogCmd
                0x0000000000000e92                ADC_AnalogWatchdogThresholdsConfig
                0x0000000000000ec6                ADC_AnalogWatchdog1ThresholdsConfig
                0x0000000000000f06                ADC_AnalogWatchdog2ThresholdsConfig
                0x0000000000000f46                ADC_AnalogWatchdog3ThresholdsConfig
                0x0000000000000f86                ADC_AnalogWatchdogSingleChannelConfig
                0x0000000000000fce                ADC_GetFlagStatus
                0x0000000000001008                ADC_ClearFlag
                0x000000000000102e                ADC_GetITStatus
                0x0000000000001098                ADC_ClearITPendingBit
                0x00000000000010d0                ADC_AnalogWatchdogResetCmd
                0x000000000000111a                ADC_AnalogWatchdogScanCmd
                0x0000000000001158                ADC_CLKConfig
 .text          0x00000000000011a0       0xd0 build_CH32x035_Sample/ch32x035_awu.o
                0x00000000000011a0                AutoWakeUpCmd
                0x00000000000011e8                AWU_SetPrescaler
                0x000000000000122a                AWU_SetWindowValue
 .text          0x0000000000001270       0xca build_CH32x035_Sample/ch32x035_dbgmcu.o
                0x0000000000001270                DBGMCU_GetREVID
                0x000000000000128a                DBGMCU_GetDEVID
                0x00000000000012a8                __get_DEBUG_CR
                0x00000000000012c2                __set_DEBUG_CR
                0x00000000000012dc                DBGMCU_Config
                0x0000000000001322                DBGMCU_GetCHIPID
 .text          0x000000000000133a      0x3ec build_CH32x035_Sample/ch32x035_dma.o
                0x000000000000133a                DMA_DeInit
                0x0000000000001494                DMA_Init
                0x000000000000153c                DMA_StructInit
                0x00000000000015a6                DMA_Cmd
                0x00000000000015e6                DMA_ITConfig
                0x0000000000001630                DMA_SetCurrDataCounter
                0x0000000000001652                DMA_GetCurrDataCounter
                0x000000000000166e                DMA_GetFlagStatus
                0x00000000000016ae                DMA_ClearFlag
                0x00000000000016ca                DMA_GetITStatus
                0x000000000000170a                DMA_ClearITPendingBit
 .text          0x0000000000001726      0x2ea build_CH32x035_Sample/ch32x035_exti.o
                0x0000000000001726                EXTI_DeInit
                0x0000000000001774                EXTI_Init
                0x00000000000018e4                EXTI_StructInit
                0x0000000000001916                EXTI_GenerateSWInterrupt
                0x0000000000001942                EXTI_GetFlagStatus
                0x000000000000197a                EXTI_ClearFlag
                0x000000000000199a                EXTI_GetITStatus
                0x00000000000019f0                EXTI_ClearITPendingBit
 .text          0x0000000000001a10      0x9e6 build_CH32x035_Sample/ch32x035_flash.o
                0x0000000000001a10                FLASH_SetLatency
                0x0000000000001a54                FLASH_Unlock
                0x0000000000001a7e                FLASH_Lock
                0x0000000000001a9c                FLASH_ErasePage
                0x0000000000001b12                FLASH_EraseAllPages
                0x0000000000001b7a                FLASH_EraseOptionBytes
                0x0000000000001c04                FLASH_OptionBytePR
                0x0000000000001c6e                FLASH_EnableWriteProtection
                0x0000000000001da4                FLASH_EnableReadOutProtection
                0x0000000000001e3e                FLASH_UserOptionByteConfig
                0x0000000000001f18                FLASH_GetUserOptionByte
                0x0000000000001f2e                FLASH_GetWriteProtectionOptionByte
                0x0000000000001f42                FLASH_GetReadOutProtectionStatus
                0x0000000000001f6e                FLASH_ITConfig
                0x0000000000001fb4                FLASH_GetFlagStatus
                0x000000000000200a                FLASH_ClearFlag
                0x0000000000002026                FLASH_GetStatus
                0x000000000000206e                FLASH_GetBank1Status
                0x00000000000020b6                FLASH_WaitForLastOperation
                0x000000000000210a                FLASH_WaitForLastBank1Operation
                0x000000000000215e                FLASH_Unlock_Fast
                0x00000000000021a4                FLASH_Lock_Fast
                0x00000000000021c2                FLASH_BufReset
                0x0000000000002210                FLASH_BufLoad
                0x0000000000002270                FLASH_ErasePage_Fast
                0x00000000000022cc                FLASH_EraseBlock_32K_Fast
                0x0000000000002336                FLASH_ProgramPage_Fast
                0x0000000000002390                SystemReset_StartMode
 .text          0x00000000000023f6      0xbca build_CH32x035_Sample/ch32x035_gpio.o
                0x00000000000023f6                GPIO_DeInit
                0x000000000000246c                GPIO_AFIODeInit
                0x000000000000248e                GPIO_Init
                0x0000000000002822                GPIO_StructInit
                0x0000000000002850                GPIO_ReadInputDataBit
                0x0000000000002888                GPIO_ReadInputData
                0x00000000000028a8                GPIO_ReadOutputDataBit
                0x00000000000028e0                GPIO_ReadOutputData
                0x0000000000002900                GPIO_SetBits
                0x0000000000002944                GPIO_ResetBits
                0x0000000000002964                GPIO_WriteBit
                0x00000000000029be                GPIO_Write
                0x00000000000029de                GPIO_PinLockConfig
                0x0000000000002a3c                GPIO_PinRemapConfig
                0x0000000000002c18                GPIO_EXTILineConfig
                0x0000000000002cba                GPIO_IPD_Unused
 .text          0x0000000000002fc0      0xcb2 build_CH32x035_Sample/ch32x035_i2c.o
                0x0000000000002fc0                I2C_DeInit
                0x0000000000002ffa                I2C_Init
                0x00000000000031fc                I2C_StructInit
                0x0000000000003248                I2C_Cmd
                0x00000000000032a0                I2C_DMACmd
                0x0000000000003306                I2C_DMALastTransferCmd
                0x0000000000003366                I2C_GenerateSTART
                0x00000000000033c0                I2C_GenerateSTOP
                0x000000000000341a                I2C_AcknowledgeConfig
                0x0000000000003474                I2C_OwnAddress2Config
                0x00000000000034d4                I2C_DualAddressCmd
                0x000000000000352c                I2C_GeneralCallCmd
                0x0000000000003586                I2C_ITConfig
                0x00000000000035f6                I2C_SendData
                0x0000000000003620                I2C_ReceiveData
                0x0000000000003642                I2C_Send7bitAddress
                0x0000000000003692                I2C_ReadRegister
                0x00000000000036d0                I2C_SoftwareResetCmd
                0x0000000000003730                I2C_NACKPositionConfig
                0x000000000000379c                I2C_TransmitPEC
                0x00000000000037fc                I2C_PECPositionConfig
                0x0000000000003868                I2C_CalculatePEC
                0x00000000000038c2                I2C_GetPEC
                0x00000000000038ea                I2C_ARPCmd
                0x0000000000003942                I2C_StretchClockCmd
                0x000000000000399c                I2C_FastModeDutyCycleConfig
                0x0000000000003a02                I2C_CheckEvent
                0x0000000000003a8a                I2C_GetLastEvent
                0x0000000000003aec                I2C_GetFlagStatus
                0x0000000000003b74                I2C_ClearFlag
                0x0000000000003bb8                I2C_GetITStatus
                0x0000000000003c2e                I2C_ClearITPendingBit
 .text          0x0000000000003c72       0xc4 build_CH32x035_Sample/ch32x035_iwdg.o
                0x0000000000003c72                IWDG_WriteAccessCmd
                0x0000000000003c90                IWDG_SetPrescaler
                0x0000000000003cae                IWDG_SetReload
                0x0000000000003ccc                IWDG_ReloadCounter
                0x0000000000003ce6                IWDG_Enable
                0x0000000000003d00                IWDG_GetFlagStatus
 .text          0x0000000000003d36      0x31c build_CH32x035_Sample/ch32x035_misc.o
                0x0000000000003d36                NVIC_PriorityGroupConfig
                0x0000000000003d50                NVIC_Init
 .text          0x0000000000004052      0x622 build_CH32x035_Sample/ch32x035_opa.o
                0x0000000000004052                OPA_Unlock
                0x000000000000407c                OPA_Lock
                0x000000000000409c                OPA_POLL_Unlock
                0x00000000000040c6                OPA_POLL_Lock
                0x00000000000040f2                OPA_CMP_Unlock
                0x000000000000411c                OPA_CMP_Lock
                0x0000000000004154                OPA_Init
                0x0000000000004366                OPA_StructInit
                0x00000000000043e8                OPA_Cmd
                0x0000000000004444                OPA_CMP_Init
                0x0000000000004554                OPA_CMP_StructInit
                0x000000000000458e                OPA_CMP_Cmd
                0x00000000000045f4                OPA_GetFlagStatus
                0x0000000000004636                OPA_ClearFlag
 .text          0x0000000000004674      0x24e build_CH32x035_Sample/ch32x035_pwr.o
                0x0000000000004674                PWR_DeInit
                0x0000000000004696                PWR_PVDLevelConfig
                0x00000000000046da                PWR_EnterSTOPMode
                0x0000000000004806                PWR_EnterSTANDBYMode
                0x0000000000004860                PWR_GetFlagStatus
                0x0000000000004894                PWR_VDD_SupplyVoltage
 .text          0x00000000000048c2      0x40e build_CH32x035_Sample/ch32x035_rcc.o
                0x00000000000048c2                RCC_DeInit
                0x0000000000004906                RCC_AdjustHSICalibrationValue
                0x000000000000494e                RCC_HSICmd
                0x0000000000004986                RCC_HCLKConfig
                0x00000000000049ca                RCC_GetClocksFreq
                0x0000000000004a72                RCC_AHBPeriphClockCmd
                0x0000000000004ab8                RCC_APB2PeriphClockCmd
                0x0000000000004afe                RCC_APB1PeriphClockCmd
                0x0000000000004b44                RCC_AHBPeriphResetCmd
                0x0000000000004b8a                RCC_APB2PeriphResetCmd
                0x0000000000004bd0                RCC_APB1PeriphResetCmd
                0x0000000000004c16                RCC_MCOConfig
                0x0000000000004c38                RCC_GetFlagStatus
                0x0000000000004cb0                RCC_ClearFlag
 .text          0x0000000000004cd0      0x6bc build_CH32x035_Sample/ch32x035_spi.o
                0x0000000000004cd0                SPI_I2S_DeInit
                0x0000000000004cfe                SPI_Init
                0x0000000000004dd2                SPI_StructInit
                0x0000000000004e26                SPI_Cmd
                0x0000000000004e80                SPI_I2S_ITConfig
                0x0000000000004f14                SPI_I2S_DMACmd
                0x0000000000004f84                SPI_I2S_SendData
                0x0000000000004fa8                SPI_I2S_ReceiveData
                0x0000000000004fc6                SPI_NSSInternalSoftwareConfig
                0x000000000000502a                SPI_SSOutputCmd
                0x0000000000005082                SPI_DataSizeConfig
                0x00000000000050e0                SPI_TransmitCRC
                0x0000000000005112                SPI_CalculateCRC
                0x0000000000005172                SPI_GetCRC
                0x00000000000051b6                SPI_GetCRCPolynomial
                0x00000000000051d4                SPI_BiDirectionalLineConfig
                0x000000000000523a                SPI_I2S_GetFlagStatus
                0x0000000000005280                SPI_I2S_ClearFlag
                0x00000000000052ae                SPI_I2S_GetITStatus
                0x000000000000534a                SPI_I2S_ClearITPendingBit
 .text          0x000000000000538c     0x29e6 build_CH32x035_Sample/ch32x035_tim.o
                0x000000000000538c                TIM_DeInit
                0x000000000000540a                TIM_TimeBaseInit
                0x00000000000054f0                TIM_OC1Init
                0x000000000000566c                TIM_OC2Init
                0x000000000000582e                TIM_OC3Init
                0x00000000000059ea                TIM_OC4Init
                0x0000000000005b40                TIM_ICInit
                0x0000000000005c5e                TIM_PWMIConfig
                0x0000000000005d88                TIM_BDTRConfig
                0x0000000000005e0e                TIM_TimeBaseStructInit
                0x0000000000005e4a                TIM_OCStructInit
                0x0000000000005e9c                TIM_ICStructInit
                0x0000000000005ed8                TIM_BDTRStructInit
                0x0000000000005f22                TIM_Cmd
                0x0000000000005f7a                TIM_CtrlPWMOutputs
                0x0000000000005fda                TIM_ITConfig
                0x000000000000604a                TIM_GenerateEvent
                0x000000000000606e                TIM_DMAConfig
                0x00000000000060a6                TIM_DMACmd
                0x0000000000006116                TIM_InternalClockConfig
                0x0000000000006144                TIM_ITRxExternalClockConfig
                0x000000000000618a                TIM_TIxExternalClockConfig
                0x0000000000006218                TIM_ETRClockMode1Config
                0x00000000000062a2                TIM_ETRClockMode2Config
                0x0000000000006302                TIM_ETRConfig
                0x000000000000637e                TIM_PrescalerConfig
                0x00000000000063b6                TIM_CounterModeConfig
                0x0000000000006404                TIM_SelectInputTrigger
                0x0000000000006452                TIM_EncoderInterfaceConfig
                0x000000000000652a                TIM_ForcedOC1Config
                0x0000000000006578                TIM_ForcedOC2Config
                0x00000000000065d0                TIM_ForcedOC3Config
                0x000000000000661e                TIM_ForcedOC4Config
                0x0000000000006676                TIM_ARRPreloadConfig
                0x00000000000066d0                TIM_SelectCOM
                0x0000000000006728                TIM_SelectCCDMA
                0x0000000000006780                TIM_CCPreloadControl
                0x00000000000067d8                TIM_OC1PreloadConfig
                0x0000000000006824                TIM_OC2PreloadConfig
                0x000000000000687e                TIM_OC3PreloadConfig
                0x00000000000068ca                TIM_OC4PreloadConfig
                0x0000000000006924                TIM_OC1FastConfig
                0x0000000000006970                TIM_OC2FastConfig
                0x00000000000069c6                TIM_OC3FastConfig
                0x0000000000006a12                TIM_OC4FastConfig
                0x0000000000006a68                TIM_ClearOC1Ref
                0x0000000000006ab6                TIM_ClearOC2Ref
                0x0000000000006b0e                TIM_ClearOC3Ref
                0x0000000000006b5c                TIM_ClearOC4Ref
                0x0000000000006bb4                TIM_OC1PolarityConfig
                0x0000000000006c00                TIM_OC1NPolarityConfig
                0x0000000000006c4c                TIM_OC2PolarityConfig
                0x0000000000006ca2                TIM_OC2NPolarityConfig
                0x0000000000006cf8                TIM_OC3PolarityConfig
                0x0000000000006d4e                TIM_OC3NPolarityConfig
                0x0000000000006da8                TIM_OC4PolarityConfig
                0x0000000000006e00                TIM_CCxCmd
                0x0000000000006e8a                TIM_CCxNCmd
                0x0000000000006f14                TIM_SelectOCxM
                0x0000000000007018                TIM_UpdateDisableConfig
                0x0000000000007070                TIM_UpdateRequestConfig
                0x00000000000070ca                TIM_SelectHallSensor
                0x0000000000007124                TIM_SelectOnePulseMode
                0x000000000000717a                TIM_SelectOutputTrigger
                0x00000000000071d2                TIM_SelectSlaveMode
                0x0000000000007228                TIM_SelectMasterSlaveMode
                0x0000000000007280                TIM_SetCounter
                0x00000000000072a4                TIM_SetAutoreload
                0x00000000000072c8                TIM_SetCompare1
                0x00000000000072ec                TIM_SetCompare2
                0x0000000000007310                TIM_SetCompare3
                0x0000000000007334                TIM_SetCompare4
                0x0000000000007358                TIM_SetIC1Prescaler
                0x00000000000073ae                TIM_SetIC2Prescaler
                0x0000000000007412                TIM_SetIC3Prescaler
                0x0000000000007468                TIM_SetIC4Prescaler
                0x00000000000074cc                TIM_SetClockDivision
                0x0000000000007524                TIM_GetCapture1
                0x0000000000007542                TIM_GetCapture2
                0x0000000000007560                TIM_GetCapture3
                0x000000000000757e                TIM_GetCapture4
                0x000000000000759c                TIM_GetCounter
                0x00000000000075ba                TIM_GetPrescaler
                0x00000000000075d8                TIM_GetFlagStatus
                0x000000000000761e                TIM_ClearFlag
                0x000000000000764c                TIM_GetITStatus
                0x00000000000076bc                TIM_ClearITPendingBit
                0x0000000000007ba6                TIM_CaptureModeCmd
                0x0000000000007c06                TIM_IndicateCaptureLevelCmd
                0x0000000000007c66                TIM_OC12_SupersedeModeCmd
                0x0000000000007cec                TIM_OC34_SupersedeModeCmd
 .text          0x0000000000007d72      0xb96 build_CH32x035_Sample/ch32x035_usart.o
                0x0000000000007d72                USART_DeInit
                0x0000000000007e1a                USART_Init
                0x0000000000007fe6                USART_StructInit
                0x000000000000802e                USART_ClockInit
                0x00000000000080bc                USART_ClockStructInit
                0x00000000000080ee                USART_Cmd
                0x000000000000814e                USART_ITConfig
                0x0000000000008212                USART_DMACmd
                0x0000000000008282                USART_SetAddress
                0x00000000000082dc                USART_WakeUpConfig
                0x000000000000833a                USART_ReceiverWakeUpCmd
                0x0000000000008392                USART_LINBreakDetectLengthConfig
                0x00000000000083ea                USART_LINCmd
                0x000000000000844a                USART_SendData
                0x0000000000008478                USART_ReceiveData
                0x000000000000849e                USART_SendBreak
                0x00000000000084ce                USART_SetGuardTime
                0x0000000000008530                USART_SetPrescaler
                0x000000000000858c                USART_SmartCardCmd
                0x00000000000085e6                USART_SmartCardNACKCmd
                0x000000000000863e                USART_HalfDuplexCmd
                0x0000000000008696                USART_IrDAConfig
                0x00000000000086ec                USART_IrDACmd
                0x0000000000008744                USART_GetFlagStatus
                0x000000000000878a                USART_ClearFlag
                0x00000000000087b8                USART_GetITStatus
                0x00000000000088ba                USART_ClearITPendingBit
 .text          0x0000000000008908      0x160 build_CH32x035_Sample/ch32x035_wwdg.o
                0x0000000000008908                WWDG_DeInit
                0x0000000000008932                WWDG_SetPrescaler
                0x0000000000008976                WWDG_SetWindowValue
                0x00000000000089c0                WWDG_EnableIT
                0x00000000000089e6                WWDG_SetCounter
                0x0000000000008a0c                WWDG_Enable
                0x0000000000008a36                WWDG_GetFlagStatus
                0x0000000000008a4e                WWDG_ClearFlag
 .text          0x0000000000008a68       0x62 build_CH32x035_Sample/cli.o
                0x0000000000008a68                cli_init
 .text          0x0000000000008aca      0x298 build_CH32x035_Sample/os_cpu.o
                0x0000000000008aca                os_cpu_clear_sw_irq
                0x0000000000008aee                os_cpu_trigger_sw_irq
                0x0000000000008b0e                os_cpu_get_irq_sp
                0x0000000000008b20                os_cpu_free_irq_sp
                0x0000000000008ba6                os_cpu_init_and_run
                0x0000000000008c6e                os_cpu_init_stk_frame
                0x0000000000008cd2                SysTick_Handler
 .text          0x0000000000008d62       0xd0 build_CH32x035_Sample/os_kernel.o
                0x0000000000008d62                os_hook_stack_overflow
                0x0000000000008d96                os_critical_enter
                0x0000000000008dc2                os_critical_exit
                0x0000000000008df8                os_init
                0x0000000000008e1a                os_run
 .text          0x0000000000008e32      0x300 build_CH32x035_Sample/os_list.o
                0x0000000000008e32                os_list_init
                0x0000000000008e70                os_list_item_init
                0x0000000000008e8a                os_list_insert_end
                0x0000000000008f3e                list_item_get_next
                0x0000000000008f72                list_item_get_prev
                0x0000000000008fa6                os_list_insert
                0x000000000000906a                os_list_remove
                0x00000000000090e4                list_get_owner_of_next_item
 .text          0x0000000000009132      0x4bc build_CH32x035_Sample/os_mem.o
                0x00000000000091e8                os_mem_malloc
                0x000000000000940e                os_mem_free
 .text          0x00000000000095ee      0x52e build_CH32x035_Sample/os_msg.o
                0x0000000000009692                os_msg_init
                0x00000000000096a6                os_msg_free
                0x000000000000970a                os_msg_queue_init
                0x0000000000009746                os_msg_queue_put_dynamic
                0x00000000000098b6                os_msg_queue_put_pure
                0x00000000000099e8                os_msg_queue_get
                0x0000000000009a60                os_msg_get_dynamic_data
                0x0000000000009a8c                os_msg_queue_get_pure
                0x0000000000009b04                os_msg_get_pure_data
 .text          0x0000000000009b1c      0x1c6 build_CH32x035_Sample/os_prio.o
                0x0000000000009b1c                os_prio_init
                0x0000000000009b5a                os_prio_insert
                0x0000000000009bcc                os_prio_remove
                0x0000000000009c46                os_prio_get_highest
                0x0000000000009ccc                os_prio_get_curr
 .text          0x0000000000009ce2      0xe64 build_CH32x035_Sample/os_task.o
                0x0000000000009ce2                os_task_get_tick
                0x000000000000a0a6                os_task_check_for_stack_overflow
                0x000000000000a2bc                os_task_create_list
                0x000000000000a402                os_task_increment_tick
                0x000000000000a54e                os_task_delay
                0x000000000000a58c                os_task_start
                0x000000000000a5ea                os_task_post_msg_dynamic
                0x000000000000a84e                os_task_post_msg_pure
                0x000000000000aa7e                os_task_wait_for_msg
 .text          0x000000000000ab46      0x5f6 build_CH32x035_Sample/os_timer.o
                0x000000000000ad34                os_timer_create
                0x000000000000ae8c                os_timer_remove
                0x000000000000aeee                os_timer_init
                0x000000000000af0a                os_timer_processing
                0x000000000000b024                os_timer_start
                0x000000000000b09a                os_timer_reset
                0x000000000000b110                os_timer_set_period
 .text          0x000000000000b13c      0xf40 build_CH32x035_Sample/xprintf.o
                0x000000000000b7d4                xputc
                0x000000000000b7fa                xfputc
                0x000000000000b862                xputs
                0x000000000000b888                xfputs
                0x000000000000bf8e                xprintf
                0x000000000000bfd6                xfprintf
                0x000000000000c01a                xsprintf
 .text          0x000000000000c07c       0xf2 build_CH32x035_Sample/bsp_cfg.o
                0x000000000000c0d6                bsp_console_init
 .text          0x000000000000c16e        0x0 build_CH32x035_Sample/task_list.o
 .text          0x000000000000c16e        0x0 build_CH32x035_Sample/cli_cmd_list.o
 .text          0x000000000000c16e      0x1c6 build_CH32x035_Sample/main.o
                0x000000000000c16e                systick_init_test(unsigned long)
                0x000000000000c216                task_1(void*)
                0x000000000000c236                task_2(void*)
                0x000000000000c256                task_3(void*)
                0x000000000000c276                main
 .text          0x000000000000c334        0x0 build_CH32x035_Sample/startup_ch32x035.o
 .text          0x000000000000c334       0xde build_CH32x035_Sample/os_cpu_asm.o
                0x000000000000c334                os_cpu_start_first_task
                0x000000000000c394                SW_Handler
 .text          0x000000000000c412        0x0 /home/giahuy/tools/MRS_Toolchain_Linux_x64_V1.92.1/RISC-V_Embedded_GCC/bin/../lib/gcc/riscv-none-embed/8.2.0/rv32imac/ilp32/libgcc.a(_udivdi3.o)
 .text          0x000000000000c412        0x0 /home/giahuy/tools/MRS_Toolchain_Linux_x64_V1.92.1/RISC-V_Embedded_GCC/bin/../lib/gcc/riscv-none-embed/8.2.0/rv32imac/ilp32/libgcc.a(_umoddi3.o)
 .text          0x000000000000c412        0x0 /home/giahuy/tools/MRS_Toolchain_Linux_x64_V1.92.1/RISC-V_Embedded_GCC/bin/../lib/gcc/riscv-none-embed/8.2.0/rv32imac/ilp32/libgcc.a(adddf3.o)
 .text          0x000000000000c412        0x0 /home/giahuy/tools/MRS_Toolchain_Linux_x64_V1.92.1/RISC-V_Embedded_GCC/bin/../lib/gcc/riscv-none-embed/8.2.0/rv32imac/ilp32/libgcc.a(divdf3.o)
 .text          0x000000000000c412        0x0 /home/giahuy/tools/MRS_Toolchain_Linux_x64_V1.92.1/RISC-V_Embedded_GCC/bin/../lib/gcc/riscv-none-embed/8.2.0/rv32imac/ilp32/libgcc.a(eqdf2.o)
 .text          0x000000000000c412        0x0 /home/giahuy/tools/MRS_Toolchain_Linux_x64_V1.92.1/RISC-V_Embedded_GCC/bin/../lib/gcc/riscv-none-embed/8.2.0/rv32imac/ilp32/libgcc.a(gedf2.o)
 .text          0x000000000000c412        0x0 /home/giahuy/tools/MRS_Toolchain_Linux_x64_V1.92.1/RISC-V_Embedded_GCC/bin/../lib/gcc/riscv-none-embed/8.2.0/rv32imac/ilp32/libgcc.a(ledf2.o)
 .text          0x000000000000c412        0x0 /home/giahuy/tools/MRS_Toolchain_Linux_x64_V1.92.1/RISC-V_Embedded_GCC/bin/../lib/gcc/riscv-none-embed/8.2.0/rv32imac/ilp32/libgcc.a(muldf3.o)
 .text          0x000000000000c412        0x0 /home/giahuy/tools/MRS_Toolchain_Linux_x64_V1.92.1/RISC-V_Embedded_GCC/bin/../lib/gcc/riscv-none-embed/8.2.0/rv32imac/ilp32/libgcc.a(subdf3.o)
 .text          0x000000000000c412        0x0 /home/giahuy/tools/MRS_Toolchain_Linux_x64_V1.92.1/RISC-V_Embedded_GCC/bin/../lib/gcc/riscv-none-embed/8.2.0/rv32imac/ilp32/libgcc.a(unorddf2.o)
 .text          0x000000000000c412        0x0 /home/giahuy/tools/MRS_Toolchain_Linux_x64_V1.92.1/RISC-V_Embedded_GCC/bin/../lib/gcc/riscv-none-embed/8.2.0/rv32imac/ilp32/libgcc.a(fixdfsi.o)
 .text          0x000000000000c412        0x0 /home/giahuy/tools/MRS_Toolchain_Linux_x64_V1.92.1/RISC-V_Embedded_GCC/bin/../lib/gcc/riscv-none-embed/8.2.0/rv32imac/ilp32/libgcc.a(floatsidf.o)
 .text          0x000000000000c412        0x0 /home/giahuy/tools/MRS_Toolchain_Linux_x64_V1.92.1/RISC-V_Embedded_GCC/bin/../lib/gcc/riscv-none-embed/8.2.0/rv32imac/ilp32/libgcc.a(_clz.o)
 .text          0x000000000000c412        0x0 /home/giahuy/tools/MRS_Toolchain_Linux_x64_V1.92.1/RISC-V_Embedded_GCC/bin/../lib/gcc/riscv-none-embed/8.2.0/rv32imac/ilp32/libgcc.a(_clzsi2.o)
 .text          0x000000000000c412        0x0 /home/giahuy/tools/MRS_Toolchain_Linux_x64_V1.92.1/RISC-V_Embedded_GCC/riscv-none-embed/lib/rv32imac/ilp32/libc.a(lib_a-memcpy.o)
 .text          0x000000000000c412       0xa8 /home/giahuy/tools/MRS_Toolchain_Linux_x64_V1.92.1/RISC-V_Embedded_GCC/riscv-none-embed/lib/rv32imac/ilp32/libc.a(lib_a-memset.o)
                0x000000000000c412                memset
 .text          0x000000000000c4ba        0x0 /home/giahuy/tools/MRS_Toolchain_Linux_x64_V1.92.1/RISC-V_Embedded_GCC/riscv-none-embed/lib/rv32imac/ilp32/libc.a(lib_a-strlen.o)
 *(.text.*)
 .text.vector_handler
                0x000000000000c4ba       0x5a build_CH32x035_Sample/startup_ch32x035.o
                0x000000000000c4ba                NMI_Handler
                0x000000000000c4bc                HardFault_Handler
                0x000000000000c4be                Ecall_M_Mode_Handler
                0x000000000000c4c0                Ecall_U_Mode_Handler
                0x000000000000c4c2                Break_Point_Handler
                0x000000000000c4c8                WWDG_IRQHandler
                0x000000000000c4ca                PVD_IRQHandler
                0x000000000000c4cc                FLASH_IRQHandler
                0x000000000000c4ce                EXTI7_0_IRQHandler
                0x000000000000c4d0                AWU_IRQHandler
                0x000000000000c4d2                DMA1_Channel1_IRQHandler
                0x000000000000c4d4                DMA1_Channel2_IRQHandler
                0x000000000000c4d6                DMA1_Channel3_IRQHandler
                0x000000000000c4d8                DMA1_Channel4_IRQHandler
                0x000000000000c4da                DMA1_Channel5_IRQHandler
                0x000000000000c4dc                DMA1_Channel6_IRQHandler
                0x000000000000c4de                DMA1_Channel7_IRQHandler
                0x000000000000c4e0                ADC1_IRQHandler
                0x000000000000c4e2                I2C1_EV_IRQHandler
                0x000000000000c4e4                I2C1_ER_IRQHandler
                0x000000000000c4e6                USART1_IRQHandler
                0x000000000000c4e8                SPI1_IRQHandler
                0x000000000000c4ea                TIM1_BRK_IRQHandler
                0x000000000000c4ec                TIM1_UP_IRQHandler
                0x000000000000c4ee                TIM1_TRG_COM_IRQHandler
                0x000000000000c4f0                TIM1_CC_IRQHandler
                0x000000000000c4f2                TIM2_UP_IRQHandler
                0x000000000000c4f4                USART2_IRQHandler
                0x000000000000c4f6                EXTI15_8_IRQHandler
                0x000000000000c4f8                EXTI25_16_IRQHandler
                0x000000000000c4fa                USART3_IRQHandler
                0x000000000000c4fc                USART4_IRQHandler
                0x000000000000c4fe                DMA1_Channel8_IRQHandler
                0x000000000000c500                USBFS_IRQHandler
                0x000000000000c502                USBFSWakeUp_IRQHandler
                0x000000000000c504                PIOC_IRQHandler
                0x000000000000c506                OPA_IRQHandler
                0x000000000000c508                USBPD_IRQHandler
                0x000000000000c50a                USBPDWakeUp_IRQHandler
                0x000000000000c50c                TIM2_CC_IRQHandler
                0x000000000000c50e                TIM2_TRG_COM_IRQHandler
                0x000000000000c510                TIM2_BRK_IRQHandler
                0x000000000000c512                TIM3_IRQHandler
 .text.handle_reset
                0x000000000000c514       0x8e build_CH32x035_Sample/startup_ch32x035.o
                0x000000000000c514                handle_reset
 .text.__udivdi3
                0x000000000000c5a2      0x398 /home/giahuy/tools/MRS_Toolchain_Linux_x64_V1.92.1/RISC-V_Embedded_GCC/bin/../lib/gcc/riscv-none-embed/8.2.0/rv32imac/ilp32/libgcc.a(_udivdi3.o)
                0x000000000000c5a2                __udivdi3
 .text.__umoddi3
                0x000000000000c93a      0x38e /home/giahuy/tools/MRS_Toolchain_Linux_x64_V1.92.1/RISC-V_Embedded_GCC/bin/../lib/gcc/riscv-none-embed/8.2.0/rv32imac/ilp32/libgcc.a(_umoddi3.o)
                0x000000000000c93a                __umoddi3
 .text.__adddf3
                0x000000000000ccc8      0x730 /home/giahuy/tools/MRS_Toolchain_Linux_x64_V1.92.1/RISC-V_Embedded_GCC/bin/../lib/gcc/riscv-none-embed/8.2.0/rv32imac/ilp32/libgcc.a(adddf3.o)
                0x000000000000ccc8                __adddf3
 .text.__divdf3
                0x000000000000d3f8      0x5b4 /home/giahuy/tools/MRS_Toolchain_Linux_x64_V1.92.1/RISC-V_Embedded_GCC/bin/../lib/gcc/riscv-none-embed/8.2.0/rv32imac/ilp32/libgcc.a(divdf3.o)
                0x000000000000d3f8                __divdf3
 .text.__eqdf2  0x000000000000d9ac       0x6a /home/giahuy/tools/MRS_Toolchain_Linux_x64_V1.92.1/RISC-V_Embedded_GCC/bin/../lib/gcc/riscv-none-embed/8.2.0/rv32imac/ilp32/libgcc.a(eqdf2.o)
                0x000000000000d9ac                __eqdf2
                0x000000000000d9ac                __nedf2
 .text.__gedf2  0x000000000000da16       0xae /home/giahuy/tools/MRS_Toolchain_Linux_x64_V1.92.1/RISC-V_Embedded_GCC/bin/../lib/gcc/riscv-none-embed/8.2.0/rv32imac/ilp32/libgcc.a(gedf2.o)
                0x000000000000da16                __gtdf2
                0x000000000000da16                __gedf2
 .text.__ledf2  0x000000000000dac4       0xb6 /home/giahuy/tools/MRS_Toolchain_Linux_x64_V1.92.1/RISC-V_Embedded_GCC/bin/../lib/gcc/riscv-none-embed/8.2.0/rv32imac/ilp32/libgcc.a(ledf2.o)
                0x000000000000dac4                __ltdf2
                0x000000000000dac4                __ledf2
 .text.__muldf3
                0x000000000000db7a      0x4b8 /home/giahuy/tools/MRS_Toolchain_Linux_x64_V1.92.1/RISC-V_Embedded_GCC/bin/../lib/gcc/riscv-none-embed/8.2.0/rv32imac/ilp32/libgcc.a(muldf3.o)
                0x000000000000db7a                __muldf3
 .text.__subdf3
                0x000000000000e032      0x73a /home/giahuy/tools/MRS_Toolchain_Linux_x64_V1.92.1/RISC-V_Embedded_GCC/bin/../lib/gcc/riscv-none-embed/8.2.0/rv32imac/ilp32/libgcc.a(subdf3.o)
                0x000000000000e032                __subdf3
 .text.__unorddf2
                0x000000000000e76c       0x3c /home/giahuy/tools/MRS_Toolchain_Linux_x64_V1.92.1/RISC-V_Embedded_GCC/bin/../lib/gcc/riscv-none-embed/8.2.0/rv32imac/ilp32/libgcc.a(unorddf2.o)
                0x000000000000e76c                __unorddf2
 .text.__fixdfsi
                0x000000000000e7a8       0x68 /home/giahuy/tools/MRS_Toolchain_Linux_x64_V1.92.1/RISC-V_Embedded_GCC/bin/../lib/gcc/riscv-none-embed/8.2.0/rv32imac/ilp32/libgcc.a(fixdfsi.o)
                0x000000000000e7a8                __fixdfsi
 .text.__floatsidf
                0x000000000000e810       0x70 /home/giahuy/tools/MRS_Toolchain_Linux_x64_V1.92.1/RISC-V_Embedded_GCC/bin/../lib/gcc/riscv-none-embed/8.2.0/rv32imac/ilp32/libgcc.a(floatsidf.o)
                0x000000000000e810                __floatsidf
 .text.__clzsi2
                0x000000000000e880       0x76 /home/giahuy/tools/MRS_Toolchain_Linux_x64_V1.92.1/RISC-V_Embedded_GCC/bin/../lib/gcc/riscv-none-embed/8.2.0/rv32imac/ilp32/libgcc.a(_clzsi2.o)
                0x000000000000e880                __clzsi2
 .text.memcpy   0x000000000000e8f6       0xe2 /home/giahuy/tools/MRS_Toolchain_Linux_x64_V1.92.1/RISC-V_Embedded_GCC/riscv-none-embed/lib/rv32imac/ilp32/libc.a(lib_a-memcpy.o)
                0x000000000000e8f6                memcpy
 .text.strlen   0x000000000000e9d8       0x66 /home/giahuy/tools/MRS_Toolchain_Linux_x64_V1.92.1/RISC-V_Embedded_GCC/riscv-none-embed/lib/rv32imac/ilp32/libc.a(lib_a-strlen.o)
                0x000000000000e9d8                strlen
 *(.rodata)
 *fill*         0x000000000000ea3e        0x2 
 .rodata        0x000000000000ea40      0x106 build_CH32x035_Sample/cli.o
 *fill*         0x000000000000eb46        0x2 
 .rodata        0x000000000000eb48       0x52 build_CH32x035_Sample/os_kernel.o
 *fill*         0x000000000000eb9a        0x2 
 .rodata        0x000000000000eb9c       0xdf build_CH32x035_Sample/os_mem.o
 *fill*         0x000000000000ec7b        0x1 
 .rodata        0x000000000000ec7c       0x78 build_CH32x035_Sample/os_msg.o
 .rodata        0x000000000000ecf4       0xeb build_CH32x035_Sample/os_task.o
 *fill*         0x000000000000eddf        0x1 
 .rodata        0x000000000000ede0       0xe4 build_CH32x035_Sample/os_timer.o
 *fill*         0x000000000000eec4        0x4 
 .rodata        0x000000000000eec8      0x110 build_CH32x035_Sample/xprintf.o
 .rodata        0x000000000000efd8       0x48 build_CH32x035_Sample/task_list.o
                0x000000000000efd8                app_task_table
 .rodata        0x000000000000f020       0x2c build_CH32x035_Sample/main.o
 *(.rodata*)
 .rodata.__divdf3
                0x000000000000f04c       0x40 /home/giahuy/tools/MRS_Toolchain_Linux_x64_V1.92.1/RISC-V_Embedded_GCC/bin/../lib/gcc/riscv-none-embed/8.2.0/rv32imac/ilp32/libgcc.a(divdf3.o)
 .rodata.__muldf3
                0x000000000000f08c       0x40 /home/giahuy/tools/MRS_Toolchain_Linux_x64_V1.92.1/RISC-V_Embedded_GCC/bin/../lib/gcc/riscv-none-embed/8.2.0/rv32imac/ilp32/libgcc.a(muldf3.o)
 .rodata.__clz_tab
                0x000000000000f0cc      0x100 /home/giahuy/tools/MRS_Toolchain_Linux_x64_V1.92.1/RISC-V_Embedded_GCC/bin/../lib/gcc/riscv-none-embed/8.2.0/rv32imac/ilp32/libgcc.a(_clz.o)
                0x000000000000f0cc                __clz_tab
 *(.gnu.linkonce.t.*)
                0x000000000000f1cc                . = ALIGN (0x4)

.eh_frame       0x000000000000f1cc       0x3c
 .eh_frame      0x000000000000f1cc       0x28 /home/giahuy/tools/MRS_Toolchain_Linux_x64_V1.92.1/RISC-V_Embedded_GCC/bin/../lib/gcc/riscv-none-embed/8.2.0/rv32imac/ilp32/libgcc.a(_udivdi3.o)
 .eh_frame      0x000000000000f1f4       0x14 /home/giahuy/tools/MRS_Toolchain_Linux_x64_V1.92.1/RISC-V_Embedded_GCC/bin/../lib/gcc/riscv-none-embed/8.2.0/rv32imac/ilp32/libgcc.a(_umoddi3.o)
                                         0x28 (size before relaxing)

.rela.dyn       0x000000000000f208        0x0
 .rela.text     0x000000000000f208        0x0 build_CH32x035_Sample/core_riscv.o
 .rela.init     0x000000000000f208        0x0 build_CH32x035_Sample/core_riscv.o
 .rela.vector   0x000000000000f208        0x0 build_CH32x035_Sample/core_riscv.o
 .rela.text.handle_reset
                0x000000000000f208        0x0 build_CH32x035_Sample/core_riscv.o

.fini           0x000000000000f208        0x0
 *(SORT_NONE(.fini))
                0x000000000000f208                . = ALIGN (0x4)
                [!provide]                        PROVIDE (_etext = .)
                [!provide]                        PROVIDE (_eitcm = .)

.preinit_array  0x000000000000f208        0x0
                [!provide]                        PROVIDE (__preinit_array_start = .)
 *(.preinit_array)
                [!provide]                        PROVIDE (__preinit_array_end = .)

.init_array     0x000000000000f208        0x4
                [!provide]                        PROVIDE (__init_array_start = .)
 *(SORT_BY_INIT_PRIORITY(.init_array.*) SORT_BY_INIT_PRIORITY(.ctors.*))
 *(.init_array EXCLUDE_FILE(*crtend?.o *crtend.o *crtbegin?.o *crtbegin.o) .ctors)
 .init_array    0x000000000000f208        0x4 build_CH32x035_Sample/main.o
                [!provide]                        PROVIDE (__init_array_end = .)

.fini_array     0x000000000000f20c        0x0
                [!provide]                        PROVIDE (__fini_array_start = .)
 *(SORT_BY_INIT_PRIORITY(.fini_array.*) SORT_BY_INIT_PRIORITY(.dtors.*))
 *(.fini_array EXCLUDE_FILE(*crtend?.o *crtend.o *crtbegin?.o *crtbegin.o) .dtors)
                [!provide]                        PROVIDE (__fini_array_end = .)

.ctors
 *crtbegin.o(.ctors)
 *crtbegin?.o(.ctors)
 *(EXCLUDE_FILE(*crtend?.o *crtend.o) .ctors)
 *(SORT_BY_NAME(.ctors.*))
 *(.ctors)

.dtors
 *crtbegin.o(.dtors)
 *crtbegin?.o(.dtors)
 *(EXCLUDE_FILE(*crtend?.o *crtend.o) .dtors)
 *(SORT_BY_NAME(.dtors.*))
 *(.dtors)

.dalign         0x0000000020000000        0x0 load address 0x000000000000f20c
                0x0000000020000000                . = ALIGN (0x4)
                0x0000000020000000                PROVIDE (_data_vma = .)

.dlalign        0x000000000000f20c        0x0
                0x000000000000f20c                . = ALIGN (0x4)
                0x000000000000f20c                PROVIDE (_data_lma = .)

.data           0x0000000020000000       0x40 load address 0x000000000000f20c
 *(.gnu.linkonce.r.*)
 *(.data .data.*)
 .data          0x0000000020000000        0x0 build_CH32x035_Sample/core_riscv.o
 .data          0x0000000020000000       0x10 build_CH32x035_Sample/system_ch32x035.o
                0x0000000020000000                AHBPrescTable
 .data          0x0000000020000010        0x0 build_CH32x035_Sample/ch32x035_adc.o
 .data          0x0000000020000010        0x0 build_CH32x035_Sample/ch32x035_awu.o
 .data          0x0000000020000010        0x0 build_CH32x035_Sample/ch32x035_dbgmcu.o
 .data          0x0000000020000010        0x0 build_CH32x035_Sample/ch32x035_dma.o
 .data          0x0000000020000010        0x0 build_CH32x035_Sample/ch32x035_exti.o
 .data          0x0000000020000010        0x0 build_CH32x035_Sample/ch32x035_flash.o
 .data          0x0000000020000010        0x0 build_CH32x035_Sample/ch32x035_gpio.o
 .data          0x0000000020000010        0x0 build_CH32x035_Sample/ch32x035_i2c.o
 .data          0x0000000020000010        0x0 build_CH32x035_Sample/ch32x035_iwdg.o
 .data          0x0000000020000010        0x0 build_CH32x035_Sample/ch32x035_misc.o
 .data          0x0000000020000010        0x0 build_CH32x035_Sample/ch32x035_opa.o
 .data          0x0000000020000010        0x0 build_CH32x035_Sample/ch32x035_pwr.o
 .data          0x0000000020000010       0x10 build_CH32x035_Sample/ch32x035_rcc.o
 .data          0x0000000020000020        0x0 build_CH32x035_Sample/ch32x035_spi.o
 .data          0x0000000020000020        0x0 build_CH32x035_Sample/ch32x035_tim.o
 .data          0x0000000020000020        0x0 build_CH32x035_Sample/ch32x035_usart.o
 .data          0x0000000020000020        0x0 build_CH32x035_Sample/ch32x035_wwdg.o
 .data          0x0000000020000020        0x0 build_CH32x035_Sample/cli.o
 .data          0x0000000020000020        0x0 build_CH32x035_Sample/os_cpu.o
 .data          0x0000000020000020        0x0 build_CH32x035_Sample/os_kernel.o
 .data          0x0000000020000020        0x0 build_CH32x035_Sample/os_list.o
 .data          0x0000000020000020        0x0 build_CH32x035_Sample/os_mem.o
 .data          0x0000000020000020        0x0 build_CH32x035_Sample/os_msg.o
 .data          0x0000000020000020        0x0 build_CH32x035_Sample/os_prio.o
 .data          0x0000000020000020        0x0 build_CH32x035_Sample/os_task.o
 .data          0x0000000020000020        0x0 build_CH32x035_Sample/os_timer.o
 .data          0x0000000020000020        0x0 build_CH32x035_Sample/xprintf.o
 .data          0x0000000020000020        0x0 build_CH32x035_Sample/bsp_cfg.o
 .data          0x0000000020000020        0x0 build_CH32x035_Sample/task_list.o
 .data          0x0000000020000020        0x0 build_CH32x035_Sample/cli_cmd_list.o
 .data          0x0000000020000020        0x0 build_CH32x035_Sample/main.o
 .data          0x0000000020000020        0x0 build_CH32x035_Sample/startup_ch32x035.o
 .data          0x0000000020000020        0x0 build_CH32x035_Sample/os_cpu_asm.o
 .data          0x0000000020000020        0x0 /home/giahuy/tools/MRS_Toolchain_Linux_x64_V1.92.1/RISC-V_Embedded_GCC/bin/../lib/gcc/riscv-none-embed/8.2.0/rv32imac/ilp32/libgcc.a(_udivdi3.o)
 .data          0x0000000020000020        0x0 /home/giahuy/tools/MRS_Toolchain_Linux_x64_V1.92.1/RISC-V_Embedded_GCC/bin/../lib/gcc/riscv-none-embed/8.2.0/rv32imac/ilp32/libgcc.a(_umoddi3.o)
 .data          0x0000000020000020        0x0 /home/giahuy/tools/MRS_Toolchain_Linux_x64_V1.92.1/RISC-V_Embedded_GCC/bin/../lib/gcc/riscv-none-embed/8.2.0/rv32imac/ilp32/libgcc.a(adddf3.o)
 .data          0x0000000020000020        0x0 /home/giahuy/tools/MRS_Toolchain_Linux_x64_V1.92.1/RISC-V_Embedded_GCC/bin/../lib/gcc/riscv-none-embed/8.2.0/rv32imac/ilp32/libgcc.a(divdf3.o)
 .data          0x0000000020000020        0x0 /home/giahuy/tools/MRS_Toolchain_Linux_x64_V1.92.1/RISC-V_Embedded_GCC/bin/../lib/gcc/riscv-none-embed/8.2.0/rv32imac/ilp32/libgcc.a(eqdf2.o)
 .data          0x0000000020000020        0x0 /home/giahuy/tools/MRS_Toolchain_Linux_x64_V1.92.1/RISC-V_Embedded_GCC/bin/../lib/gcc/riscv-none-embed/8.2.0/rv32imac/ilp32/libgcc.a(gedf2.o)
 .data          0x0000000020000020        0x0 /home/giahuy/tools/MRS_Toolchain_Linux_x64_V1.92.1/RISC-V_Embedded_GCC/bin/../lib/gcc/riscv-none-embed/8.2.0/rv32imac/ilp32/libgcc.a(ledf2.o)
 .data          0x0000000020000020        0x0 /home/giahuy/tools/MRS_Toolchain_Linux_x64_V1.92.1/RISC-V_Embedded_GCC/bin/../lib/gcc/riscv-none-embed/8.2.0/rv32imac/ilp32/libgcc.a(muldf3.o)
 .data          0x0000000020000020        0x0 /home/giahuy/tools/MRS_Toolchain_Linux_x64_V1.92.1/RISC-V_Embedded_GCC/bin/../lib/gcc/riscv-none-embed/8.2.0/rv32imac/ilp32/libgcc.a(subdf3.o)
 .data          0x0000000020000020        0x0 /home/giahuy/tools/MRS_Toolchain_Linux_x64_V1.92.1/RISC-V_Embedded_GCC/bin/../lib/gcc/riscv-none-embed/8.2.0/rv32imac/ilp32/libgcc.a(unorddf2.o)
 .data          0x0000000020000020        0x0 /home/giahuy/tools/MRS_Toolchain_Linux_x64_V1.92.1/RISC-V_Embedded_GCC/bin/../lib/gcc/riscv-none-embed/8.2.0/rv32imac/ilp32/libgcc.a(fixdfsi.o)
 .data          0x0000000020000020        0x0 /home/giahuy/tools/MRS_Toolchain_Linux_x64_V1.92.1/RISC-V_Embedded_GCC/bin/../lib/gcc/riscv-none-embed/8.2.0/rv32imac/ilp32/libgcc.a(floatsidf.o)
 .data          0x0000000020000020        0x0 /home/giahuy/tools/MRS_Toolchain_Linux_x64_V1.92.1/RISC-V_Embedded_GCC/bin/../lib/gcc/riscv-none-embed/8.2.0/rv32imac/ilp32/libgcc.a(_clz.o)
 .data          0x0000000020000020        0x0 /home/giahuy/tools/MRS_Toolchain_Linux_x64_V1.92.1/RISC-V_Embedded_GCC/bin/../lib/gcc/riscv-none-embed/8.2.0/rv32imac/ilp32/libgcc.a(_clzsi2.o)
 .data          0x0000000020000020        0x0 /home/giahuy/tools/MRS_Toolchain_Linux_x64_V1.92.1/RISC-V_Embedded_GCC/riscv-none-embed/lib/rv32imac/ilp32/libc.a(lib_a-memcpy.o)
 .data          0x0000000020000020        0x0 /home/giahuy/tools/MRS_Toolchain_Linux_x64_V1.92.1/RISC-V_Embedded_GCC/riscv-none-embed/lib/rv32imac/ilp32/libc.a(lib_a-memset.o)
 .data          0x0000000020000020        0x0 /home/giahuy/tools/MRS_Toolchain_Linux_x64_V1.92.1/RISC-V_Embedded_GCC/riscv-none-embed/lib/rv32imac/ilp32/libc.a(lib_a-strlen.o)
 *(.gnu.linkonce.d.*)
                0x0000000020000020                . = ALIGN (0x8)
                0x0000000020000820                PROVIDE (__global_pointer$ = (. + 0x800))
 *(.sdata .sdata.*)
 .sdata         0x0000000020000020        0x4 build_CH32x035_Sample/system_ch32x035.o
                0x0000000020000020                SystemCoreClock
 .sdata         0x0000000020000024        0xc build_CH32x035_Sample/ch32x035_gpio.o
                0x0000000020000024                CFGHR_tmpA
                0x0000000020000028                CFGHR_tmpB
                0x000000002000002c                CFGHR_tmpC
 .sdata         0x0000000020000030        0x4 build_CH32x035_Sample/os_cpu.o
                0x0000000020000030                irq_stack_ptr
 .sdata         0x0000000020000034        0x4 build_CH32x035_Sample/os_task.o
 .sdata         0x0000000020000038        0x4 build_CH32x035_Sample/os_timer.o
 *(.sdata2.*)
 *(.gnu.linkonce.s.*)
                0x0000000020000040                . = ALIGN (0x8)
 *fill*         0x000000002000003c        0x4 
 *(.srodata.cst16)
 *(.srodata.cst8)
 *(.srodata.cst4)
 *(.srodata.cst2)
 *(.srodata .srodata.*)
                0x0000000020000040                . = ALIGN (0x4)
                0x0000000020000040                PROVIDE (_edata = .)

.bss            0x0000000020000040     0x1c74 load address 0x000000000000f24c
                0x0000000020000040                . = ALIGN (0x4)
                0x0000000020000040                PROVIDE (_sbss = .)
 *(.sbss*)
 .sbss          0x0000000020000040        0x4 build_CH32x035_Sample/ch32x035_misc.o
                0x0000000020000040                NVIC_Priority_Group
 .sbss          0x0000000020000044        0x4 build_CH32x035_Sample/ch32x035_opa.o
                0x0000000020000044                CTLR2_tmp
 *(.gnu.linkonce.sb.*)
 *(.bss*)
 .bss           0x0000000020000048        0x0 build_CH32x035_Sample/core_riscv.o
 .bss           0x0000000020000048        0x0 build_CH32x035_Sample/system_ch32x035.o
 .bss           0x0000000020000048        0x0 build_CH32x035_Sample/ch32x035_adc.o
 .bss           0x0000000020000048        0x0 build_CH32x035_Sample/ch32x035_awu.o
 .bss           0x0000000020000048        0x0 build_CH32x035_Sample/ch32x035_dbgmcu.o
 .bss           0x0000000020000048        0x0 build_CH32x035_Sample/ch32x035_dma.o
 .bss           0x0000000020000048        0x0 build_CH32x035_Sample/ch32x035_exti.o
 .bss           0x0000000020000048        0x0 build_CH32x035_Sample/ch32x035_flash.o
 .bss           0x0000000020000048        0x0 build_CH32x035_Sample/ch32x035_gpio.o
 .bss           0x0000000020000048        0x0 build_CH32x035_Sample/ch32x035_i2c.o
 .bss           0x0000000020000048        0x0 build_CH32x035_Sample/ch32x035_iwdg.o
 .bss           0x0000000020000048        0x0 build_CH32x035_Sample/ch32x035_misc.o
 .bss           0x0000000020000048        0x0 build_CH32x035_Sample/ch32x035_opa.o
 .bss           0x0000000020000048        0x0 build_CH32x035_Sample/ch32x035_pwr.o
 .bss           0x0000000020000048        0x0 build_CH32x035_Sample/ch32x035_rcc.o
 .bss           0x0000000020000048        0x0 build_CH32x035_Sample/ch32x035_spi.o
 .bss           0x0000000020000048        0x0 build_CH32x035_Sample/ch32x035_tim.o
 .bss           0x0000000020000048        0x0 build_CH32x035_Sample/ch32x035_usart.o
 .bss           0x0000000020000048        0x0 build_CH32x035_Sample/ch32x035_wwdg.o
 .bss           0x0000000020000048        0x0 build_CH32x035_Sample/cli.o
 .bss           0x0000000020000048      0x200 build_CH32x035_Sample/os_cpu.o
 .bss           0x0000000020000248        0x2 build_CH32x035_Sample/os_kernel.o
 .bss           0x000000002000024a        0x0 build_CH32x035_Sample/os_list.o
 *fill*         0x000000002000024a        0x2 
 .bss           0x000000002000024c     0x1414 build_CH32x035_Sample/os_mem.o
 .bss           0x0000000020001660      0x305 build_CH32x035_Sample/os_msg.o
 *fill*         0x0000000020001965        0x3 
 .bss           0x0000000020001968        0x5 build_CH32x035_Sample/os_prio.o
 *fill*         0x000000002000196d        0x3 
 .bss           0x0000000020001970      0x15d build_CH32x035_Sample/os_task.o
 *fill*         0x0000000020001acd        0x3 
 .bss           0x0000000020001ad0      0x1d0 build_CH32x035_Sample/os_timer.o
 .bss           0x0000000020001ca0        0x4 build_CH32x035_Sample/xprintf.o
 .bss           0x0000000020001ca4        0x0 build_CH32x035_Sample/bsp_cfg.o
 .bss           0x0000000020001ca4        0x0 build_CH32x035_Sample/task_list.o
 .bss           0x0000000020001ca4        0x0 build_CH32x035_Sample/cli_cmd_list.o
 .bss           0x0000000020001ca4        0x4 build_CH32x035_Sample/main.o
 .bss           0x0000000020001ca8        0x0 build_CH32x035_Sample/startup_ch32x035.o
 .bss           0x0000000020001ca8        0x0 build_CH32x035_Sample/os_cpu_asm.o
 .bss           0x0000000020001ca8        0x0 /home/giahuy/tools/MRS_Toolchain_Linux_x64_V1.92.1/RISC-V_Embedded_GCC/bin/../lib/gcc/riscv-none-embed/8.2.0/rv32imac/ilp32/libgcc.a(_udivdi3.o)
 .bss           0x0000000020001ca8        0x0 /home/giahuy/tools/MRS_Toolchain_Linux_x64_V1.92.1/RISC-V_Embedded_GCC/bin/../lib/gcc/riscv-none-embed/8.2.0/rv32imac/ilp32/libgcc.a(_umoddi3.o)
 .bss           0x0000000020001ca8        0x0 /home/giahuy/tools/MRS_Toolchain_Linux_x64_V1.92.1/RISC-V_Embedded_GCC/bin/../lib/gcc/riscv-none-embed/8.2.0/rv32imac/ilp32/libgcc.a(adddf3.o)
 .bss           0x0000000020001ca8        0x0 /home/giahuy/tools/MRS_Toolchain_Linux_x64_V1.92.1/RISC-V_Embedded_GCC/bin/../lib/gcc/riscv-none-embed/8.2.0/rv32imac/ilp32/libgcc.a(divdf3.o)
 .bss           0x0000000020001ca8        0x0 /home/giahuy/tools/MRS_Toolchain_Linux_x64_V1.92.1/RISC-V_Embedded_GCC/bin/../lib/gcc/riscv-none-embed/8.2.0/rv32imac/ilp32/libgcc.a(eqdf2.o)
 .bss           0x0000000020001ca8        0x0 /home/giahuy/tools/MRS_Toolchain_Linux_x64_V1.92.1/RISC-V_Embedded_GCC/bin/../lib/gcc/riscv-none-embed/8.2.0/rv32imac/ilp32/libgcc.a(gedf2.o)
 .bss           0x0000000020001ca8        0x0 /home/giahuy/tools/MRS_Toolchain_Linux_x64_V1.92.1/RISC-V_Embedded_GCC/bin/../lib/gcc/riscv-none-embed/8.2.0/rv32imac/ilp32/libgcc.a(ledf2.o)
 .bss           0x0000000020001ca8        0x0 /home/giahuy/tools/MRS_Toolchain_Linux_x64_V1.92.1/RISC-V_Embedded_GCC/bin/../lib/gcc/riscv-none-embed/8.2.0/rv32imac/ilp32/libgcc.a(muldf3.o)
 .bss           0x0000000020001ca8        0x0 /home/giahuy/tools/MRS_Toolchain_Linux_x64_V1.92.1/RISC-V_Embedded_GCC/bin/../lib/gcc/riscv-none-embed/8.2.0/rv32imac/ilp32/libgcc.a(subdf3.o)
 .bss           0x0000000020001ca8        0x0 /home/giahuy/tools/MRS_Toolchain_Linux_x64_V1.92.1/RISC-V_Embedded_GCC/bin/../lib/gcc/riscv-none-embed/8.2.0/rv32imac/ilp32/libgcc.a(unorddf2.o)
 .bss           0x0000000020001ca8        0x0 /home/giahuy/tools/MRS_Toolchain_Linux_x64_V1.92.1/RISC-V_Embedded_GCC/bin/../lib/gcc/riscv-none-embed/8.2.0/rv32imac/ilp32/libgcc.a(fixdfsi.o)
 .bss           0x0000000020001ca8        0x0 /home/giahuy/tools/MRS_Toolchain_Linux_x64_V1.92.1/RISC-V_Embedded_GCC/bin/../lib/gcc/riscv-none-embed/8.2.0/rv32imac/ilp32/libgcc.a(floatsidf.o)
 .bss           0x0000000020001ca8        0x0 /home/giahuy/tools/MRS_Toolchain_Linux_x64_V1.92.1/RISC-V_Embedded_GCC/bin/../lib/gcc/riscv-none-embed/8.2.0/rv32imac/ilp32/libgcc.a(_clz.o)
 .bss           0x0000000020001ca8        0x0 /home/giahuy/tools/MRS_Toolchain_Linux_x64_V1.92.1/RISC-V_Embedded_GCC/bin/../lib/gcc/riscv-none-embed/8.2.0/rv32imac/ilp32/libgcc.a(_clzsi2.o)
 .bss           0x0000000020001ca8        0x0 /home/giahuy/tools/MRS_Toolchain_Linux_x64_V1.92.1/RISC-V_Embedded_GCC/riscv-none-embed/lib/rv32imac/ilp32/libc.a(lib_a-memcpy.o)
 .bss           0x0000000020001ca8        0x0 /home/giahuy/tools/MRS_Toolchain_Linux_x64_V1.92.1/RISC-V_Embedded_GCC/riscv-none-embed/lib/rv32imac/ilp32/libc.a(lib_a-memset.o)
 .bss           0x0000000020001ca8        0x0 /home/giahuy/tools/MRS_Toolchain_Linux_x64_V1.92.1/RISC-V_Embedded_GCC/riscv-none-embed/lib/rv32imac/ilp32/libc.a(lib_a-strlen.o)
 *(.gnu.linkonce.b.*)
 *(COMMON*)
 COMMON         0x0000000020001ca8        0x8 build_CH32x035_Sample/os_task.o
                0x0000000020001ca8                tcb_high_rdy_ptr
                0x0000000020001cac                tcb_curr_ptr
 COMMON         0x0000000020001cb0        0x4 build_CH32x035_Sample/xprintf.o
                0x0000000020001cb0                xfunc_output
                0x0000000020001cb4                . = ALIGN (0x4)
                0x0000000020001cb4                PROVIDE (_ebss = .)
                [!provide]                        PROVIDE (_end = _ebss)
                [!provide]                        PROVIDE (end = .)

.stack          0x0000000020003800      0x800
                [!provide]                        PROVIDE (_heap_end = .)
                0x0000000020003800                . = ALIGN (0x4)
                [!provide]                        PROVIDE (_susrstack = .)
                0x0000000020004000                . = (. + __stack_size)
 *fill*         0x0000000020003800      0x800 
                0x0000000020004000                PROVIDE (_eusrstack = .)
LOAD /home/giahuy/tools/MRS_Toolchain_Linux_x64_V1.92.1/RISC-V_Embedded_GCC/riscv-none-embed/lib/rv32imac/ilp32/libc.a
LOAD /home/giahuy/tools/MRS_Toolchain_Linux_x64_V1.92.1/RISC-V_Embedded_GCC/riscv-none-embed/lib/rv32imac/ilp32/libm.a
OUTPUT(build_CH32x035_Sample/CH32x035_Sample.elf elf32-littleriscv)

.debug_info     0x0000000000000000    0x11fce
 .debug_info    0x0000000000000000      0x389 build_CH32x035_Sample/core_riscv.o
 .debug_info    0x0000000000000389      0x297 build_CH32x035_Sample/system_ch32x035.o
 .debug_info    0x0000000000000620      0xcde build_CH32x035_Sample/ch32x035_adc.o
 .debug_info    0x00000000000012fe      0x1a1 build_CH32x035_Sample/ch32x035_awu.o
 .debug_info    0x000000000000149f      0x18d build_CH32x035_Sample/ch32x035_dbgmcu.o
 .debug_info    0x000000000000162c      0x47e build_CH32x035_Sample/ch32x035_dma.o
 .debug_info    0x0000000000001aaa      0x357 build_CH32x035_Sample/ch32x035_exti.o
 .debug_info    0x0000000000001e01      0x762 build_CH32x035_Sample/ch32x035_flash.o
 .debug_info    0x0000000000002563      0x71b build_CH32x035_Sample/ch32x035_gpio.o
 .debug_info    0x0000000000002c7e      0xb11 build_CH32x035_Sample/ch32x035_i2c.o
 .debug_info    0x000000000000378f      0x201 build_CH32x035_Sample/ch32x035_iwdg.o
 .debug_info    0x0000000000003990      0x69f build_CH32x035_Sample/ch32x035_misc.o
 .debug_info    0x000000000000402f      0x7f5 build_CH32x035_Sample/ch32x035_opa.o
 .debug_info    0x0000000000004824      0x529 build_CH32x035_Sample/ch32x035_pwr.o
 .debug_info    0x0000000000004d4d      0x4ea build_CH32x035_Sample/ch32x035_rcc.o
 .debug_info    0x0000000000005237      0x78a build_CH32x035_Sample/ch32x035_spi.o
 .debug_info    0x00000000000059c1     0x1f34 build_CH32x035_Sample/ch32x035_tim.o
 .debug_info    0x00000000000078f5      0x9c9 build_CH32x035_Sample/ch32x035_usart.o
 .debug_info    0x00000000000082be      0x233 build_CH32x035_Sample/ch32x035_wwdg.o
 .debug_info    0x00000000000084f1       0xa2 build_CH32x035_Sample/cli.o
 .debug_info    0x0000000000008593     0x144a build_CH32x035_Sample/os_cpu.o
 .debug_info    0x00000000000099dd      0xaf1 build_CH32x035_Sample/os_kernel.o
 .debug_info    0x000000000000a4ce      0xbd9 build_CH32x035_Sample/os_list.o
 .debug_info    0x000000000000b0a7      0xb3d build_CH32x035_Sample/os_mem.o
 .debug_info    0x000000000000bbe4      0xcd3 build_CH32x035_Sample/os_msg.o
 .debug_info    0x000000000000c8b7      0xa9d build_CH32x035_Sample/os_prio.o
 .debug_info    0x000000000000d354     0x12c6 build_CH32x035_Sample/os_task.o
 .debug_info    0x000000000000e61a     0x1008 build_CH32x035_Sample/os_timer.o
 .debug_info    0x000000000000f622      0xd66 build_CH32x035_Sample/xprintf.o
 .debug_info    0x0000000000010388      0x3da build_CH32x035_Sample/bsp_cfg.o
 .debug_info    0x0000000000010762      0xa33 build_CH32x035_Sample/task_list.o
 .debug_info    0x0000000000011195      0xdf1 build_CH32x035_Sample/main.o
 .debug_info    0x0000000000011f86       0x22 build_CH32x035_Sample/startup_ch32x035.o
 .debug_info    0x0000000000011fa8       0x26 build_CH32x035_Sample/os_cpu_asm.o

.debug_abbrev   0x0000000000000000     0x3c4c
 .debug_abbrev  0x0000000000000000       0xe0 build_CH32x035_Sample/core_riscv.o
 .debug_abbrev  0x00000000000000e0      0x136 build_CH32x035_Sample/system_ch32x035.o
 .debug_abbrev  0x0000000000000216      0x182 build_CH32x035_Sample/ch32x035_adc.o
 .debug_abbrev  0x0000000000000398       0xf6 build_CH32x035_Sample/ch32x035_awu.o
 .debug_abbrev  0x000000000000048e      0x10d build_CH32x035_Sample/ch32x035_dbgmcu.o
 .debug_abbrev  0x000000000000059b      0x173 build_CH32x035_Sample/ch32x035_dma.o
 .debug_abbrev  0x000000000000070e      0x128 build_CH32x035_Sample/ch32x035_exti.o
 .debug_abbrev  0x0000000000000836      0x251 build_CH32x035_Sample/ch32x035_flash.o
 .debug_abbrev  0x0000000000000a87      0x1f8 build_CH32x035_Sample/ch32x035_gpio.o
 .debug_abbrev  0x0000000000000c7f      0x182 build_CH32x035_Sample/ch32x035_i2c.o
 .debug_abbrev  0x0000000000000e01      0x128 build_CH32x035_Sample/ch32x035_iwdg.o
 .debug_abbrev  0x0000000000000f29      0x1d3 build_CH32x035_Sample/ch32x035_misc.o
 .debug_abbrev  0x00000000000010fc      0x1a8 build_CH32x035_Sample/ch32x035_opa.o
 .debug_abbrev  0x00000000000012a4      0x1ec build_CH32x035_Sample/ch32x035_pwr.o
 .debug_abbrev  0x0000000000001490      0x1aa build_CH32x035_Sample/ch32x035_rcc.o
 .debug_abbrev  0x000000000000163a      0x1a2 build_CH32x035_Sample/ch32x035_spi.o
 .debug_abbrev  0x00000000000017dc      0x1dc build_CH32x035_Sample/ch32x035_tim.o
 .debug_abbrev  0x00000000000019b8      0x1b1 build_CH32x035_Sample/ch32x035_usart.o
 .debug_abbrev  0x0000000000001b69      0x135 build_CH32x035_Sample/ch32x035_wwdg.o
 .debug_abbrev  0x0000000000001c9e       0x70 build_CH32x035_Sample/cli.o
 .debug_abbrev  0x0000000000001d0e      0x389 build_CH32x035_Sample/os_cpu.o
 .debug_abbrev  0x0000000000002097      0x24d build_CH32x035_Sample/os_kernel.o
 .debug_abbrev  0x00000000000022e4      0x250 build_CH32x035_Sample/os_list.o
 .debug_abbrev  0x0000000000002534      0x25e build_CH32x035_Sample/os_mem.o
 .debug_abbrev  0x0000000000002792      0x29d build_CH32x035_Sample/os_msg.o
 .debug_abbrev  0x0000000000002a2f      0x258 build_CH32x035_Sample/os_prio.o
 .debug_abbrev  0x0000000000002c87      0x371 build_CH32x035_Sample/os_task.o
 .debug_abbrev  0x0000000000002ff8      0x342 build_CH32x035_Sample/os_timer.o
 .debug_abbrev  0x000000000000333a      0x2f8 build_CH32x035_Sample/xprintf.o
 .debug_abbrev  0x0000000000003632      0x158 build_CH32x035_Sample/bsp_cfg.o
 .debug_abbrev  0x000000000000378a      0x1e4 build_CH32x035_Sample/task_list.o
 .debug_abbrev  0x000000000000396e      0x2b8 build_CH32x035_Sample/main.o
 .debug_abbrev  0x0000000000003c26       0x12 build_CH32x035_Sample/startup_ch32x035.o
 .debug_abbrev  0x0000000000003c38       0x14 build_CH32x035_Sample/os_cpu_asm.o

.debug_aranges  0x0000000000000000      0x448
 .debug_aranges
                0x0000000000000000       0x20 build_CH32x035_Sample/core_riscv.o
 .debug_aranges
                0x0000000000000020       0x20 build_CH32x035_Sample/system_ch32x035.o
 .debug_aranges
                0x0000000000000040       0x20 build_CH32x035_Sample/ch32x035_adc.o
 .debug_aranges
                0x0000000000000060       0x20 build_CH32x035_Sample/ch32x035_awu.o
 .debug_aranges
                0x0000000000000080       0x20 build_CH32x035_Sample/ch32x035_dbgmcu.o
 .debug_aranges
                0x00000000000000a0       0x20 build_CH32x035_Sample/ch32x035_dma.o
 .debug_aranges
                0x00000000000000c0       0x20 build_CH32x035_Sample/ch32x035_exti.o
 .debug_aranges
                0x00000000000000e0       0x20 build_CH32x035_Sample/ch32x035_flash.o
 .debug_aranges
                0x0000000000000100       0x20 build_CH32x035_Sample/ch32x035_gpio.o
 .debug_aranges
                0x0000000000000120       0x20 build_CH32x035_Sample/ch32x035_i2c.o
 .debug_aranges
                0x0000000000000140       0x20 build_CH32x035_Sample/ch32x035_iwdg.o
 .debug_aranges
                0x0000000000000160       0x20 build_CH32x035_Sample/ch32x035_misc.o
 .debug_aranges
                0x0000000000000180       0x20 build_CH32x035_Sample/ch32x035_opa.o
 .debug_aranges
                0x00000000000001a0       0x20 build_CH32x035_Sample/ch32x035_pwr.o
 .debug_aranges
                0x00000000000001c0       0x20 build_CH32x035_Sample/ch32x035_rcc.o
 .debug_aranges
                0x00000000000001e0       0x20 build_CH32x035_Sample/ch32x035_spi.o
 .debug_aranges
                0x0000000000000200       0x20 build_CH32x035_Sample/ch32x035_tim.o
 .debug_aranges
                0x0000000000000220       0x20 build_CH32x035_Sample/ch32x035_usart.o
 .debug_aranges
                0x0000000000000240       0x20 build_CH32x035_Sample/ch32x035_wwdg.o
 .debug_aranges
                0x0000000000000260       0x20 build_CH32x035_Sample/cli.o
 .debug_aranges
                0x0000000000000280       0x20 build_CH32x035_Sample/os_cpu.o
 .debug_aranges
                0x00000000000002a0       0x20 build_CH32x035_Sample/os_kernel.o
 .debug_aranges
                0x00000000000002c0       0x20 build_CH32x035_Sample/os_list.o
 .debug_aranges
                0x00000000000002e0       0x20 build_CH32x035_Sample/os_mem.o
 .debug_aranges
                0x0000000000000300       0x20 build_CH32x035_Sample/os_msg.o
 .debug_aranges
                0x0000000000000320       0x20 build_CH32x035_Sample/os_prio.o
 .debug_aranges
                0x0000000000000340       0x20 build_CH32x035_Sample/os_task.o
 .debug_aranges
                0x0000000000000360       0x20 build_CH32x035_Sample/os_timer.o
 .debug_aranges
                0x0000000000000380       0x20 build_CH32x035_Sample/xprintf.o
 .debug_aranges
                0x00000000000003a0       0x20 build_CH32x035_Sample/bsp_cfg.o
 .debug_aranges
                0x00000000000003c0       0x18 build_CH32x035_Sample/task_list.o
 .debug_aranges
                0x00000000000003d8       0x20 build_CH32x035_Sample/main.o
 .debug_aranges
                0x00000000000003f8       0x30 build_CH32x035_Sample/startup_ch32x035.o
 .debug_aranges
                0x0000000000000428       0x20 build_CH32x035_Sample/os_cpu_asm.o

.debug_line     0x0000000000000000     0xdcef
 .debug_line    0x0000000000000000      0x33c build_CH32x035_Sample/core_riscv.o
 .debug_line    0x000000000000033c      0x23e build_CH32x035_Sample/system_ch32x035.o
 .debug_line    0x000000000000057a      0xda8 build_CH32x035_Sample/ch32x035_adc.o
 .debug_line    0x0000000000001322      0x240 build_CH32x035_Sample/ch32x035_awu.o
 .debug_line    0x0000000000001562      0x253 build_CH32x035_Sample/ch32x035_dbgmcu.o
 .debug_line    0x00000000000017b5      0x56f build_CH32x035_Sample/ch32x035_dma.o
 .debug_line    0x0000000000001d24      0x4cd build_CH32x035_Sample/ch32x035_exti.o
 .debug_line    0x00000000000021f1      0xd1a build_CH32x035_Sample/ch32x035_flash.o
 .debug_line    0x0000000000002f0b      0xc07 build_CH32x035_Sample/ch32x035_gpio.o
 .debug_line    0x0000000000003b12      0xa46 build_CH32x035_Sample/ch32x035_i2c.o
 .debug_line    0x0000000000004558      0x26d build_CH32x035_Sample/ch32x035_iwdg.o
 .debug_line    0x00000000000047c5      0x526 build_CH32x035_Sample/ch32x035_misc.o
 .debug_line    0x0000000000004ceb      0x89d build_CH32x035_Sample/ch32x035_opa.o
 .debug_line    0x0000000000005588      0x3a1 build_CH32x035_Sample/ch32x035_pwr.o
 .debug_line    0x0000000000005929      0x59b build_CH32x035_Sample/ch32x035_rcc.o
 .debug_line    0x0000000000005ec4      0x671 build_CH32x035_Sample/ch32x035_spi.o
 .debug_line    0x0000000000006535     0x1bdf build_CH32x035_Sample/ch32x035_tim.o
 .debug_line    0x0000000000008114      0x9c3 build_CH32x035_Sample/ch32x035_usart.o
 .debug_line    0x0000000000008ad7      0x2df build_CH32x035_Sample/ch32x035_wwdg.o
 .debug_line    0x0000000000008db6       0xa9 build_CH32x035_Sample/cli.o
 .debug_line    0x0000000000008e5f      0x4ef build_CH32x035_Sample/os_cpu.o
 .debug_line    0x000000000000934e      0x30c build_CH32x035_Sample/os_kernel.o
 .debug_line    0x000000000000965a      0x549 build_CH32x035_Sample/os_list.o
 .debug_line    0x0000000000009ba3      0x721 build_CH32x035_Sample/os_mem.o
 .debug_line    0x000000000000a2c4      0x6f1 build_CH32x035_Sample/os_msg.o
 .debug_line    0x000000000000a9b5      0x38f build_CH32x035_Sample/os_prio.o
 .debug_line    0x000000000000ad44      0xd24 build_CH32x035_Sample/os_task.o
 .debug_line    0x000000000000ba68      0x73d build_CH32x035_Sample/os_timer.o
 .debug_line    0x000000000000c1a5      0xd99 build_CH32x035_Sample/xprintf.o
 .debug_line    0x000000000000cf3e      0x2aa build_CH32x035_Sample/bsp_cfg.o
 .debug_line    0x000000000000d1e8      0x216 build_CH32x035_Sample/task_list.o
 .debug_line    0x000000000000d3fe        0x0 build_CH32x035_Sample/cli_cmd_list.o
 .debug_line    0x000000000000d3fe      0x470 build_CH32x035_Sample/main.o
 .debug_line    0x000000000000d86e      0x22f build_CH32x035_Sample/startup_ch32x035.o
 .debug_line    0x000000000000da9d      0x252 build_CH32x035_Sample/os_cpu_asm.o

.debug_str      0x0000000000000000     0x4eb5
 .debug_str     0x0000000000000000      0x1c6 build_CH32x035_Sample/core_riscv.o
                                        0x210 (size before relaxing)
 .debug_str     0x00000000000001c6      0x120 build_CH32x035_Sample/system_ch32x035.o
                                        0x23e (size before relaxing)
 .debug_str     0x00000000000002e6      0x60b build_CH32x035_Sample/ch32x035_adc.o
                                        0x777 (size before relaxing)
 .debug_str     0x00000000000008f1       0x7c build_CH32x035_Sample/ch32x035_awu.o
                                        0x1c9 (size before relaxing)
 .debug_str     0x000000000000096d       0x9e build_CH32x035_Sample/ch32x035_dbgmcu.o
                                        0x1d3 (size before relaxing)
 .debug_str     0x0000000000000a0b      0x214 build_CH32x035_Sample/ch32x035_dma.o
                                        0x380 (size before relaxing)
 .debug_str     0x0000000000000c1f      0x1bd build_CH32x035_Sample/ch32x035_exti.o
                                        0x31a (size before relaxing)
 .debug_str     0x0000000000000ddc      0x3ad build_CH32x035_Sample/ch32x035_flash.o
                                        0x56d (size before relaxing)
 .debug_str     0x0000000000001189      0x2f2 build_CH32x035_Sample/ch32x035_gpio.o
                                        0x4ab (size before relaxing)
 .debug_str     0x000000000000147b      0x422 build_CH32x035_Sample/ch32x035_i2c.o
                                        0x605 (size before relaxing)
 .debug_str     0x000000000000189d       0xd9 build_CH32x035_Sample/ch32x035_iwdg.o
                                        0x22c (size before relaxing)
 .debug_str     0x0000000000001976      0x408 build_CH32x035_Sample/ch32x035_misc.o
                                        0x5a5 (size before relaxing)
 .debug_str     0x0000000000001d7e      0x5fc build_CH32x035_Sample/ch32x035_opa.o
                                        0x77d (size before relaxing)
 .debug_str     0x000000000000237a      0x101 build_CH32x035_Sample/ch32x035_pwr.o
                                        0x316 (size before relaxing)
 .debug_str     0x000000000000247b      0x1af build_CH32x035_Sample/ch32x035_rcc.o
                                        0x3dd (size before relaxing)
 .debug_str     0x000000000000262a      0x2aa build_CH32x035_Sample/ch32x035_spi.o
                                        0x4af (size before relaxing)
 .debug_str     0x00000000000028d4      0xc69 build_CH32x035_Sample/ch32x035_tim.o
                                        0xeb0 (size before relaxing)
 .debug_str     0x000000000000353d      0x3e5 build_CH32x035_Sample/ch32x035_usart.o
                                        0x626 (size before relaxing)
 .debug_str     0x0000000000003922       0xcb build_CH32x035_Sample/ch32x035_wwdg.o
                                        0x228 (size before relaxing)
 .debug_str     0x00000000000039ed       0x2f build_CH32x035_Sample/cli.o
                                        0x110 (size before relaxing)
 .debug_str     0x0000000000003a1c      0x535 build_CH32x035_Sample/os_cpu.o
                                        0xa12 (size before relaxing)
 .debug_str     0x0000000000003f51       0xec build_CH32x035_Sample/os_kernel.o
                                        0x64a (size before relaxing)
 .debug_str     0x000000000000403d      0x149 build_CH32x035_Sample/os_list.o
                                        0x66e (size before relaxing)
 .debug_str     0x0000000000004186      0x122 build_CH32x035_Sample/os_mem.o
                                        0x649 (size before relaxing)
 .debug_str     0x00000000000042a8      0x1ca build_CH32x035_Sample/os_msg.o
                                        0x6e0 (size before relaxing)
 .debug_str     0x0000000000004472       0x86 build_CH32x035_Sample/os_prio.o
                                        0x590 (size before relaxing)
 .debug_str     0x00000000000044f8      0x3c2 build_CH32x035_Sample/os_task.o
                                        0xafe (size before relaxing)
 .debug_str     0x00000000000048ba      0x20e build_CH32x035_Sample/os_timer.o
                                        0x8e8 (size before relaxing)
 .debug_str     0x0000000000004ac8       0xff build_CH32x035_Sample/xprintf.o
                                        0x5f7 (size before relaxing)
 .debug_str     0x0000000000004bc7       0x58 build_CH32x035_Sample/bsp_cfg.o
                                        0x395 (size before relaxing)
 .debug_str     0x0000000000004c1f       0xb2 build_CH32x035_Sample/task_list.o
                                        0x5f8 (size before relaxing)
 .debug_str     0x0000000000004cd1       0x20 build_CH32x035_Sample/cli_cmd_list.o
                                         0xb5 (size before relaxing)
 .debug_str     0x0000000000004cf1      0x167 build_CH32x035_Sample/main.o
                                        0x92b (size before relaxing)
 .debug_str     0x0000000000004e58       0x33 build_CH32x035_Sample/startup_ch32x035.o
                                         0x5a (size before relaxing)
 .debug_str     0x0000000000004e8b       0x2a build_CH32x035_Sample/os_cpu_asm.o
                                         0x5d (size before relaxing)

.comment        0x0000000000000000       0x33
 .comment       0x0000000000000000       0x33 build_CH32x035_Sample/core_riscv.o
                                         0x34 (size before relaxing)
 .comment       0x0000000000000033       0x34 build_CH32x035_Sample/system_ch32x035.o
 .comment       0x0000000000000033       0x34 build_CH32x035_Sample/ch32x035_adc.o
 .comment       0x0000000000000033       0x34 build_CH32x035_Sample/ch32x035_awu.o
 .comment       0x0000000000000033       0x34 build_CH32x035_Sample/ch32x035_dbgmcu.o
 .comment       0x0000000000000033       0x34 build_CH32x035_Sample/ch32x035_dma.o
 .comment       0x0000000000000033       0x34 build_CH32x035_Sample/ch32x035_exti.o
 .comment       0x0000000000000033       0x34 build_CH32x035_Sample/ch32x035_flash.o
 .comment       0x0000000000000033       0x34 build_CH32x035_Sample/ch32x035_gpio.o
 .comment       0x0000000000000033       0x34 build_CH32x035_Sample/ch32x035_i2c.o
 .comment       0x0000000000000033       0x34 build_CH32x035_Sample/ch32x035_iwdg.o
 .comment       0x0000000000000033       0x34 build_CH32x035_Sample/ch32x035_misc.o
 .comment       0x0000000000000033       0x34 build_CH32x035_Sample/ch32x035_opa.o
 .comment       0x0000000000000033       0x34 build_CH32x035_Sample/ch32x035_pwr.o
 .comment       0x0000000000000033       0x34 build_CH32x035_Sample/ch32x035_rcc.o
 .comment       0x0000000000000033       0x34 build_CH32x035_Sample/ch32x035_spi.o
 .comment       0x0000000000000033       0x34 build_CH32x035_Sample/ch32x035_tim.o
 .comment       0x0000000000000033       0x34 build_CH32x035_Sample/ch32x035_usart.o
 .comment       0x0000000000000033       0x34 build_CH32x035_Sample/ch32x035_wwdg.o
 .comment       0x0000000000000033       0x34 build_CH32x035_Sample/cli.o
 .comment       0x0000000000000033       0x34 build_CH32x035_Sample/os_cpu.o
 .comment       0x0000000000000033       0x34 build_CH32x035_Sample/os_kernel.o
 .comment       0x0000000000000033       0x34 build_CH32x035_Sample/os_list.o
 .comment       0x0000000000000033       0x34 build_CH32x035_Sample/os_mem.o
 .comment       0x0000000000000033       0x34 build_CH32x035_Sample/os_msg.o
 .comment       0x0000000000000033       0x34 build_CH32x035_Sample/os_prio.o
 .comment       0x0000000000000033       0x34 build_CH32x035_Sample/os_task.o
 .comment       0x0000000000000033       0x34 build_CH32x035_Sample/os_timer.o
 .comment       0x0000000000000033       0x34 build_CH32x035_Sample/xprintf.o
 .comment       0x0000000000000033       0x34 build_CH32x035_Sample/bsp_cfg.o
 .comment       0x0000000000000033       0x34 build_CH32x035_Sample/task_list.o
 .comment       0x0000000000000033       0x34 build_CH32x035_Sample/cli_cmd_list.o
 .comment       0x0000000000000033       0x34 build_CH32x035_Sample/main.o

.debug_frame    0x0000000000000000     0x3e28
 .debug_frame   0x0000000000000000      0x270 build_CH32x035_Sample/core_riscv.o
 .debug_frame   0x0000000000000270       0x98 build_CH32x035_Sample/system_ch32x035.o
 .debug_frame   0x0000000000000308      0x4bc build_CH32x035_Sample/ch32x035_adc.o
 .debug_frame   0x00000000000007c4       0x70 build_CH32x035_Sample/ch32x035_awu.o
 .debug_frame   0x0000000000000834       0xd4 build_CH32x035_Sample/ch32x035_dbgmcu.o
 .debug_frame   0x0000000000000908      0x174 build_CH32x035_Sample/ch32x035_dma.o
 .debug_frame   0x0000000000000a7c      0x114 build_CH32x035_Sample/ch32x035_exti.o
 .debug_frame   0x0000000000000b90      0x3bc build_CH32x035_Sample/ch32x035_flash.o
 .debug_frame   0x0000000000000f4c      0x228 build_CH32x035_Sample/ch32x035_gpio.o
 .debug_frame   0x0000000000001174      0x41c build_CH32x035_Sample/ch32x035_i2c.o
 .debug_frame   0x0000000000001590       0xd0 build_CH32x035_Sample/ch32x035_iwdg.o
 .debug_frame   0x0000000000001660       0x54 build_CH32x035_Sample/ch32x035_misc.o
 .debug_frame   0x00000000000016b4      0x1d8 build_CH32x035_Sample/ch32x035_opa.o
 .debug_frame   0x000000000000188c       0xd8 build_CH32x035_Sample/ch32x035_pwr.o
 .debug_frame   0x0000000000001964      0x1d0 build_CH32x035_Sample/ch32x035_rcc.o
 .debug_frame   0x0000000000001b34      0x294 build_CH32x035_Sample/ch32x035_spi.o
 .debug_frame   0x0000000000001dc8      0xc34 build_CH32x035_Sample/ch32x035_tim.o
 .debug_frame   0x00000000000029fc      0x37c build_CH32x035_Sample/ch32x035_usart.o
 .debug_frame   0x0000000000002d78      0x114 build_CH32x035_Sample/ch32x035_wwdg.o
 .debug_frame   0x0000000000002e8c       0x34 build_CH32x035_Sample/cli.o
 .debug_frame   0x0000000000002ec0      0x154 build_CH32x035_Sample/os_cpu.o
 .debug_frame   0x0000000000003014       0xb4 build_CH32x035_Sample/os_kernel.o
 .debug_frame   0x00000000000030c8      0x114 build_CH32x035_Sample/os_list.o
 .debug_frame   0x00000000000031dc       0x80 build_CH32x035_Sample/os_mem.o
 .debug_frame   0x000000000000325c      0x16c build_CH32x035_Sample/os_msg.o
 .debug_frame   0x00000000000033c8       0xb4 build_CH32x035_Sample/os_prio.o
 .debug_frame   0x000000000000347c      0x270 build_CH32x035_Sample/os_task.o
 .debug_frame   0x00000000000036ec      0x1bc build_CH32x035_Sample/os_timer.o
 .debug_frame   0x00000000000038a8      0x1e0 build_CH32x035_Sample/xprintf.o
 .debug_frame   0x0000000000003a88       0x58 build_CH32x035_Sample/bsp_cfg.o
 .debug_frame   0x0000000000003ae0       0xe4 build_CH32x035_Sample/main.o
 .debug_frame   0x0000000000003bc4       0x44 /home/giahuy/tools/MRS_Toolchain_Linux_x64_V1.92.1/RISC-V_Embedded_GCC/bin/../lib/gcc/riscv-none-embed/8.2.0/rv32imac/ilp32/libgcc.a(adddf3.o)
 .debug_frame   0x0000000000003c08       0x50 /home/giahuy/tools/MRS_Toolchain_Linux_x64_V1.92.1/RISC-V_Embedded_GCC/bin/../lib/gcc/riscv-none-embed/8.2.0/rv32imac/ilp32/libgcc.a(divdf3.o)
 .debug_frame   0x0000000000003c58       0x20 /home/giahuy/tools/MRS_Toolchain_Linux_x64_V1.92.1/RISC-V_Embedded_GCC/bin/../lib/gcc/riscv-none-embed/8.2.0/rv32imac/ilp32/libgcc.a(eqdf2.o)
 .debug_frame   0x0000000000003c78       0x20 /home/giahuy/tools/MRS_Toolchain_Linux_x64_V1.92.1/RISC-V_Embedded_GCC/bin/../lib/gcc/riscv-none-embed/8.2.0/rv32imac/ilp32/libgcc.a(gedf2.o)
 .debug_frame   0x0000000000003c98       0x20 /home/giahuy/tools/MRS_Toolchain_Linux_x64_V1.92.1/RISC-V_Embedded_GCC/bin/../lib/gcc/riscv-none-embed/8.2.0/rv32imac/ilp32/libgcc.a(ledf2.o)
 .debug_frame   0x0000000000003cb8       0x54 /home/giahuy/tools/MRS_Toolchain_Linux_x64_V1.92.1/RISC-V_Embedded_GCC/bin/../lib/gcc/riscv-none-embed/8.2.0/rv32imac/ilp32/libgcc.a(muldf3.o)
 .debug_frame   0x0000000000003d0c       0x44 /home/giahuy/tools/MRS_Toolchain_Linux_x64_V1.92.1/RISC-V_Embedded_GCC/bin/../lib/gcc/riscv-none-embed/8.2.0/rv32imac/ilp32/libgcc.a(subdf3.o)
 .debug_frame   0x0000000000003d50       0x20 /home/giahuy/tools/MRS_Toolchain_Linux_x64_V1.92.1/RISC-V_Embedded_GCC/bin/../lib/gcc/riscv-none-embed/8.2.0/rv32imac/ilp32/libgcc.a(unorddf2.o)
 .debug_frame   0x0000000000003d70       0x20 /home/giahuy/tools/MRS_Toolchain_Linux_x64_V1.92.1/RISC-V_Embedded_GCC/bin/../lib/gcc/riscv-none-embed/8.2.0/rv32imac/ilp32/libgcc.a(fixdfsi.o)
 .debug_frame   0x0000000000003d90       0x38 /home/giahuy/tools/MRS_Toolchain_Linux_x64_V1.92.1/RISC-V_Embedded_GCC/bin/../lib/gcc/riscv-none-embed/8.2.0/rv32imac/ilp32/libgcc.a(floatsidf.o)
 .debug_frame   0x0000000000003dc8       0x20 /home/giahuy/tools/MRS_Toolchain_Linux_x64_V1.92.1/RISC-V_Embedded_GCC/bin/../lib/gcc/riscv-none-embed/8.2.0/rv32imac/ilp32/libgcc.a(_clzsi2.o)
 .debug_frame   0x0000000000003de8       0x20 /home/giahuy/tools/MRS_Toolchain_Linux_x64_V1.92.1/RISC-V_Embedded_GCC/riscv-none-embed/lib/rv32imac/ilp32/libc.a(lib_a-memcpy.o)
 .debug_frame   0x0000000000003e08       0x20 /home/giahuy/tools/MRS_Toolchain_Linux_x64_V1.92.1/RISC-V_Embedded_GCC/riscv-none-embed/lib/rv32imac/ilp32/libc.a(lib_a-strlen.o)

.debug_ranges   0x0000000000000000       0x40
 .debug_ranges  0x0000000000000000       0x18 build_CH32x035_Sample/os_mem.o
 .debug_ranges  0x0000000000000018       0x28 build_CH32x035_Sample/startup_ch32x035.o
